******************************************************************************
             TMS320C2000 Linker PC v22.6.0                     
******************************************************************************
>> Linked Tue Dec 10 12:39:47 2024

OUTPUT FILE NAME:   <../mcb_pmsm_foc_mpc_qep_f28379d.out>
ENTRY POINT SYMBOL: "_c_int00"  address: 00083413


MEMORY CONFIGURATION

         name            origin    length      used     unused   attr    fill
----------------------  --------  ---------  --------  --------  ----  --------
PAGE 0:
  BEGIN                 00000000   00000002  00000000  00000002  RWIX
  RAMLS_PROG            00008000   00002000  000007e8  00001818  RWIX
  BEGIN_FLASH           00080000   00000002  00000002  00000000  RWIX
  FLASHA_N              00080002   0003fffe  00004c5e  0003b3a0  RWIX
  RESET                 003fffc0   00000002  00000000  00000002  RWIX

PAGE 1:
  BOOT_RSVD             00000002   00000120  00000000  00000120  RWIX
  RAMM0M1               00000122   000006de  00000400  000002de  RWIX
  ADCARESULT            00000b00   00000018  00000018  00000000  RWIX
  ADCBRESULT            00000b20   00000018  00000018  00000000  RWIX
  ADCCRESULT            00000b40   00000018  00000018  00000000  RWIX
  ADCDRESULT            00000b60   00000018  00000018  00000000  RWIX
  CPU_TIMER0            00000c00   00000008  00000008  00000000  RWIX
  CPU_TIMER1            00000c08   00000008  00000008  00000000  RWIX
  CPU_TIMER2            00000c10   00000008  00000008  00000000  RWIX
  PIE_CTRL              00000ce0   00000020  0000001a  00000006  RWIX
  PIE_VECT              00000d00   00000200  000001c0  00000040  RWIX
  DMA                   00001000   00000200  000000e0  00000120  RWIX
  CLA1                  00001400   00000040  0000003e  00000002  RWIX
  CLA1_MSGRAMLOW        00001480   00000080  00000000  00000080  RWIX
  CLA1_MSGRAMHIGH       00001500   00000080  00000000  00000080  RWIX
  CLB1LOGICCFG          00003000   00000052  0000003e  00000014  RWIX
  CLB1LOGICCTRL         00003100   00000040  00000040  00000000  RWIX
  CLB1DATAEXCH          00003200   00000200  00000108  000000f8  RWIX
  CLB2LOGICCFG          00003400   00000052  0000003e  00000014  RWIX
  CLB2LOGICCTRL         00003500   00000040  00000040  00000000  RWIX
  CLB2DATAEXCH          00003600   00000200  00000108  000000f8  RWIX
  CLB3LOGICCFG          00003800   00000052  0000003e  00000014  RWIX
  CLB3LOGICCTRL         00003900   00000040  00000040  00000000  RWIX
  CLB3DATAEXCH          00003a00   00000200  00000108  000000f8  RWIX
  CLB4LOGICCFG          00003c00   00000052  0000003e  00000014  RWIX
  CLB4LOGICCTRL         00003d00   00000040  00000040  00000000  RWIX
  CLB4DATAEXCH          00003e00   00000200  00000108  000000f8  RWIX
  EPWM1                 00004000   00000100  00000100  00000000  RWIX
  EPWM2                 00004100   00000100  00000100  00000000  RWIX
  EPWM3                 00004200   00000100  00000100  00000000  RWIX
  EPWM4                 00004300   00000100  00000100  00000000  RWIX
  EPWM5                 00004400   00000100  00000100  00000000  RWIX
  EPWM6                 00004500   00000100  00000100  00000000  RWIX
  EPWM7                 00004600   00000100  00000100  00000000  RWIX
  EPWM8                 00004700   00000100  00000100  00000000  RWIX
  EPWM9                 00004800   00000100  00000100  00000000  RWIX
  EPWM10                00004900   00000100  00000100  00000000  RWIX
  EPWM11                00004a00   00000100  00000100  00000000  RWIX
  EPWM12                00004b00   00000100  00000100  00000000  RWIX
  ECAP1                 00005000   00000020  0000001a  00000006  RWIX
  ECAP2                 00005020   00000020  0000001a  00000006  RWIX
  ECAP3                 00005040   00000020  0000001a  00000006  RWIX
  ECAP4                 00005060   00000020  0000001a  00000006  RWIX
  ECAP5                 00005080   00000020  0000001a  00000006  RWIX
  ECAP6                 000050a0   00000020  0000001a  00000006  RWIX
  EQEP1                 00005100   00000040  00000022  0000001e  RWIX
  EQEP2                 00005140   00000040  00000022  0000001e  RWIX
  EQEP3                 00005180   00000040  00000022  0000001e  RWIX
  DACA                  00005c00   00000010  00000007  00000009  RWIX
  DACB                  00005c10   00000010  00000007  00000009  RWIX
  DACC                  00005c20   00000010  00000007  00000009  RWIX
  CMPSS1                00005c80   00000020  0000001b  00000005  RWIX
  CMPSS2                00005ca0   00000020  0000001b  00000005  RWIX
  CMPSS3                00005cc0   00000020  0000001b  00000005  RWIX
  CMPSS4                00005ce0   00000020  0000001b  00000005  RWIX
  CMPSS5                00005d00   00000020  0000001b  00000005  RWIX
  CMPSS6                00005d20   00000020  0000001b  00000005  RWIX
  CMPSS7                00005d40   00000020  0000001b  00000005  RWIX
  CMPSS8                00005d60   00000020  0000001b  00000005  RWIX
  SDFM1                 00005e00   00000080  00000048  00000038  RWIX
  SDFM2                 00005e80   00000080  00000048  00000038  RWIX
  MCBSPA                00006000   00000040  00000024  0000001c  RWIX
  MCBSPB                00006040   00000040  00000024  0000001c  RWIX
  SPIA                  00006100   00000010  00000010  00000000  RWIX
  SPIB                  00006110   00000010  00000010  00000000  RWIX
  SPIC                  00006120   00000010  00000010  00000000  RWIX
  SPID                  00006130   00000010  00000000  00000010  RWIX
  UPP                   00006200   00000100  00000048  000000b8  RWIX
  WD                    00007000   00000040  0000002b  00000015  RWIX
  NMIINTRUPT            00007060   00000010  00000007  00000009  RWIX
  XINT                  00007070   00000010  0000000b  00000005  RWIX
  SCIA                  00007200   00000010  00000010  00000000  RWIX
  SCIB                  00007210   00000010  00000010  00000000  RWIX
  SCIC                  00007220   00000010  00000010  00000000  RWIX
  SCID                  00007230   00000010  00000010  00000000  RWIX
  I2CA                  00007300   00000040  00000022  0000001e  RWIX
  I2CB                  00007340   00000040  00000022  0000001e  RWIX
  ADCA                  00007400   00000080  0000007c  00000004  RWIX
  ADCB                  00007480   00000080  0000007c  00000004  RWIX
  ADCC                  00007500   00000080  0000007c  00000004  RWIX
  ADCD                  00007580   00000080  0000007c  00000004  RWIX
  INPUT_XBAR            00007900   00000020  00000020  00000000  RWIX
  XBAR                  00007920   00000020  0000000e  00000012  RWIX
  SYNC_SOC              00007940   00000010  00000006  0000000a  RWIX
  DMACLASRCSEL          00007980   00000040  0000001a  00000026  RWIX
  EPWM_XBAR             00007a00   00000040  00000040  00000000  RWIX
  CLB_XBAR              00007a40   00000040  00000040  00000000  RWIX
  OUTPUT_XBAR           00007a80   00000040  00000040  00000000  RWIX
  GPIOCTRL              00007c00   00000180  00000180  00000000  RWIX
  GPIODAT               00007f00   00000030  00000030  00000000  RWIX
  RAMLS_DATA            0000a000   00001000  00000000  00001000  RWIX
  RAMD0D1               0000b000   00001000  00000000  00001000  RWIX
  RAMGS_IPCBuffCPU1     0000c000   00001000  00000000  00001000  RWIX
  RAMGS_IPCBuffCPU2     0000d000   00001000  00000000  00001000  RWIX
  RAMGS_DATA            0000e000   00007000  0000028f  00006d71  RWIX
  CPU2TOCPU1RAM         0003f800   00000400  00000000  00000400  RWIX
  CPU1TOCPU2RAM         0003fc00   00000400  00000000  00000400  RWIX
  EMIF1                 00047000   00000800  00000028  000007d8  RWIX
  EMIF2                 00047800   00000800  00000028  000007d8  RWIX
  CANA                  00048000   00000200  00000164  0000009c  RWIX
  CANB                  0004a000   00000200  00000164  0000009c  RWIX
  IPC                   00050000   00000024  00000024  00000000  RWIX
  FLASHPUMPSEMAPHORE    00050024   00000002  00000002  00000000  RWIX
  DEV_CFG               0005d000   00000180  0000012e  00000052  RWIX
  ANALOG_SUBSYS         0005d180   00000080  0000003e  00000042  RWIX
  CLK_CFG               0005d200   00000100  00000032  000000ce  RWIX
  CPU_SYS               0005d300   00000100  00000082  0000007e  RWIX
  ROMPREFETCH           0005e608   00000002  00000002  00000000  RWIX
  DCSM_Z1               0005f000   00000030  00000022  0000000e  RWIX
  DCSM_Z2               0005f040   00000030  00000022  0000000e  RWIX
  DCSM_COMMON           0005f070   00000010  00000006  0000000a  RWIX
  MEMCFG                0005f400   00000080  00000076  0000000a  RWIX
  EMIF1CONFIG           0005f480   00000020  0000000a  00000016  RWIX
  EMIF2CONFIG           0005f4a0   00000020  0000000a  00000016  RWIX
  ACCESSPROTECTION      0005f4c0   00000040  0000002e  00000012  RWIX
  MEMORYERROR           0005f500   00000040  0000003a  00000006  RWIX
  ROMWAITSTATE          0005f540   00000002  00000002  00000000  RWIX
  FLASH0_CTRL           0005f800   00000300  00000182  0000017e  RWIX
  FLASH0_ECC            0005fb00   00000040  00000028  00000018  RWIX
  UID                   000703c0   00000010  00000010  00000000  RWIX
  DCSM_Z1_OTP           00078000   00000020  00000000  00000020  RWIX
  DCSM_Z2_OTP           00078200   00000020  00000000  00000020  RWIX


SECTION ALLOCATION MAP

 output                                  attributes/
section   page    origin      length       input sections
--------  ----  ----------  ----------   ----------------
codestart 
*          0    00080000    00000002     
                  00080000    00000002     F2837xD_CodeStartBranch.obj (codestart)

.text      0    00080004    0000368a     
                  00080004    0000143c     mcb_pmsm_foc_mpc_qep_f28379d.obj (.text)
                  00081440    00000585     F2837xD_DefaultISR.obj (.text:retain)
                  000819c5    0000052d     MW_c2000ISR.obj (.text)
                  00081ef2    000004fb     F2837xD_SysCtrl.obj (.text)
                  000823ed    00000243     F2837xD_Ipc_Driver_Lite.obj (.text)
                  00082630    00000225     c2837xDBoard_Realtime_Support.obj (.text)
                  00082855    000001ca     F2837xD_Gpio.obj (.text)
                  00082a1f    0000016a     DSP28xx_SciUtil.obj (.text)
                  00082b89    000000fd     MW_c28xx_board.obj (.text)
                  00082c86    000000ec     F2837xD_Adc.obj (.text)
                  00082d72    000000de     MW_c28xx_adc.obj (.text)
                  00082e50    000000c8     MW_c28xSPI.obj (.text)
                  00082f18    000000c6     c2837xDBoard_Realtime_Support.obj (.text:retain)
                  00082fde    0000009d     ert_main.obj (.text)
                  0008307b    00000089     mcb_pmsm_foc_mpc_qep_f28379d.obj (.text:retain)
                  00083104    0000007d     MW_SPI.obj (.text)
                  00083181    00000068     MW_c28xx_csl.obj (.text)
                  000831e9    00000064     rt_nonfinite.obj (.text)
                  0008324d    0000005e     F2837xD_CpuTimers.obj (.text)
                  000832ab    0000005d     MW_c28xx_qep.obj (.text)
                  00083308    0000005a     c2837xDSchedulerTimer0.obj (.text)
                  00083362    00000059     rts2800_fpu32.lib : s_floorf.c.obj (.text)
                  000833bb    00000058                       : s_ceilf.c.obj (.text)
                  00083413    00000056                       : boot28.asm.obj (.text)
                  00083469    0000004a     MW_c28xx_pwm.obj (.text)
                  000834b3    0000004a     c2837xDSchedulerTimer0.obj (.text:retain)
                  000834fd    00000032     rts2800_fpu32.lib : s_frexpf.c.obj (.text)
                  0008352f    00000030     MW_c28xGPIO.obj (.text)
                  0008355f    00000029     rts2800_fpu32.lib : exit.c.obj (.text)
                  00083588    00000028     F2837xD_PieCtrl.obj (.text)
                  000835b0    00000024     rts2800_fpu32.lib : cpy_tbl.c.obj (.text)
                  000835d4    00000022                       : i_div28.asm.obj (.text)
                  000835f6    0000001d                       : memcpy.c.obj (.text)
                  00083613    00000018     rtGetInf.obj (.text)
                  0008362b    00000012     MW_c28xGlobalInterrupts.obj (.text)
                  0008363d    00000012     rts2800_fpu32.lib : args_main.c.obj (.text)
                  0008364f    00000011     F2837xD_PieVect.obj (.text)
                  00083660    0000000c     rtGetNaN.obj (.text)
                  0008366c    00000009     rts2800_fpu32.lib : _lock.c.obj (.text)
                  00083675    00000008     F2837xD_CodeStartBranch.obj (.text)
                  0008367d    00000007     memcpy_fast.obj (.text)
                  00083684    00000007     rts2800_fpu32.lib : memset.c.obj (.text)
                  0008368b    00000002                       : pre_init.c.obj (.text)
                  0008368d    00000001                       : startup.c.obj (.text)

.econst    0    00083690    00000d80     
                  00083690    000007d4     mcb_pmsm_foc_mpc_qep_f28379d_data.obj (.econst:_mcb_pmsm_foc_mpc_qep_f28_ConstP)
                  00083e64    000001c0     F2837xD_PieVect.obj (.econst:_PieVectTableInit)
                  00084024    00000150     mcb_pmsm_foc_mpc_qep_f28379d.obj (.econst:_b_Mx$10)
                  00084174    000000fc     mcb_pmsm_foc_mpc_qep_f28379d.obj (.econst:_b_Ac$9)
                  00084270    000000a8     mcb_pmsm_foc_mpc_qep_f28379d.obj (.econst:_b_Mu1$12)
                  00084318    00000054     mcb_pmsm_foc_mpc_qep_f28379d.obj (.econst:_b_Mlim$11)
                  0008436c    00000012     mcb_pmsm_foc_mpc_qep_f28379d.obj (.econst:_b_Hinv$8)
                  0008437e    00000012     mcb_pmsm_foc_mpc_qep_f28379d.obj (.econst:_b_Linv$7)
                  00084390    00000010     mcb_pmsm_foc_mpc_qep_f28379d.obj (.econst:_a$1)
                  000843a0    00000010     mcb_pmsm_foc_mpc_qep_f28379d.obj (.econst:_b_Kr$5)
                  000843b0    00000010     mcb_pmsm_foc_mpc_qep_f28379d.obj (.econst:_b_Kx$4)
                  000843c0    00000010     mcb_pmsm_foc_mpc_qep_f28379d.obj (.econst:_b_a$2)
                  000843d0    00000010     mcb_pmsm_foc_mpc_qep_f28379d.obj (.econst:_c_a$3)
                  000843e0    00000010     mcb_pmsm_foc_mpc_qep_f28379d.obj (.econst:_d_a$13)
                  000843f0    00000010     mcb_pmsm_foc_mpc_qep_f28379d.obj (.econst:_e_a$14)
                  00084400    00000008     mcb_pmsm_foc_mpc_qep_f28379d.obj (.econst:_b_Ku1$6)
                  00084408    00000002     mcb_pmsm_foc_mpc_qep_f28379d.obj (.econst)
                  0008440a    00000002     rts2800_fpu32.lib : s_ceilf.c.obj (.econst)
                  0008440c    00000002                       : s_floorf.c.obj (.econst)
                  0008440e    00000002                       : s_frexpf.c.obj (.econst)

.cinit     0    00084bf8    00000050     
                  00084bf8    0000000f     c2837xDBoard_Realtime_Support.obj (.cinit)
                  00084c07    0000000e     rts2800_fpu32.lib : exit.c.obj (.cinit)
                  00084c15    00000008     mcb_pmsm_foc_mpc_qep_f28379d.obj (.cinit)
                  00084c1d    00000007     MW_c28xSPI.obj (.cinit:_SPI_oneTimeInit)
                  00084c24    00000006     ert_main.obj (.cinit:_isRateRunning)
                  00084c2a    00000006     ert_main.obj (.cinit:_need2runFlags)
                  00084c30    00000005     rts2800_fpu32.lib : _lock.c.obj (.cinit:__lock)
                  00084c35    00000005                       : _lock.c.obj (.cinit:__unlock)
                  00084c3a    00000004     MW_c28xGPIO.obj (.cinit)
                  00084c3e    00000004     MW_c28xGlobalInterrupts.obj (.cinit)
                  00084c42    00000004     ert_main.obj (.cinit)
                  00084c46    00000002     --HOLE-- [fill = 0]

.switch    0    00084c48    0000001c     
                  00084c48    0000001c     c2837xDBoard_Realtime_Support.obj (.switch:_setInXBARForCPU2)

AdcaResultRegsFile 
*          1    00000b00    00000018     UNINITIALIZED
                  00000b00    00000018     F2837xD_GlobalVariableDefs.obj (AdcaResultRegsFile)

AdcbResultRegsFile 
*          1    00000b20    00000018     UNINITIALIZED
                  00000b20    00000018     F2837xD_GlobalVariableDefs.obj (AdcbResultRegsFile)

AdccResultRegsFile 
*          1    00000b40    00000018     UNINITIALIZED
                  00000b40    00000018     F2837xD_GlobalVariableDefs.obj (AdccResultRegsFile)

AdcdResultRegsFile 
*          1    00000b60    00000018     UNINITIALIZED
                  00000b60    00000018     F2837xD_GlobalVariableDefs.obj (AdcdResultRegsFile)

CpuTimer0RegsFile 
*          1    00000c00    00000008     UNINITIALIZED
                  00000c00    00000008     F2837xD_GlobalVariableDefs.obj (CpuTimer0RegsFile)

CpuTimer1RegsFile 
*          1    00000c08    00000008     UNINITIALIZED
                  00000c08    00000008     F2837xD_GlobalVariableDefs.obj (CpuTimer1RegsFile)

CpuTimer2RegsFile 
*          1    00000c10    00000008     UNINITIALIZED
                  00000c10    00000008     F2837xD_GlobalVariableDefs.obj (CpuTimer2RegsFile)

PieCtrlRegsFile 
*          1    00000ce0    0000001a     UNINITIALIZED
                  00000ce0    0000001a     F2837xD_GlobalVariableDefs.obj (PieCtrlRegsFile)

PieVectTableFile 
*          1    00000d00    000001c0     UNINITIALIZED
                  00000d00    000001c0     F2837xD_GlobalVariableDefs.obj (PieVectTableFile)

EmuKeyVar 
*          1    00000d00    00000000     UNINITIALIZED

EmuBModeVar 
*          1    00000d00    00000000     UNINITIALIZED

FlashCallbackVar 
*          1    00000d00    00000000     UNINITIALIZED

FlashScalingVar 
*          1    00000d00    00000000     UNINITIALIZED

Cla1RegsFile 
*          1    00001400    0000003e     UNINITIALIZED
                  00001400    0000003e     F2837xD_GlobalVariableDefs.obj (Cla1RegsFile)

Clb1LogicCfgRegsFile 
*          1    00003000    0000003e     UNINITIALIZED
                  00003000    0000003e     F2837xD_GlobalVariableDefs.obj (Clb1LogicCfgRegsFile)

Clb1LogicCtrlRegsFile 
*          1    00003100    00000040     UNINITIALIZED
                  00003100    00000040     F2837xD_GlobalVariableDefs.obj (Clb1LogicCtrlRegsFile)

Clb2LogicCfgRegsFile 
*          1    00003400    0000003e     UNINITIALIZED
                  00003400    0000003e     F2837xD_GlobalVariableDefs.obj (Clb2LogicCfgRegsFile)

Clb2LogicCtrlRegsFile 
*          1    00003500    00000040     UNINITIALIZED
                  00003500    00000040     F2837xD_GlobalVariableDefs.obj (Clb2LogicCtrlRegsFile)

Clb3LogicCfgRegsFile 
*          1    00003800    0000003e     UNINITIALIZED
                  00003800    0000003e     F2837xD_GlobalVariableDefs.obj (Clb3LogicCfgRegsFile)

Clb3LogicCtrlRegsFile 
*          1    00003900    00000040     UNINITIALIZED
                  00003900    00000040     F2837xD_GlobalVariableDefs.obj (Clb3LogicCtrlRegsFile)

Clb4LogicCfgRegsFile 
*          1    00003c00    0000003e     UNINITIALIZED
                  00003c00    0000003e     F2837xD_GlobalVariableDefs.obj (Clb4LogicCfgRegsFile)

Clb4LogicCtrlRegsFile 
*          1    00003d00    00000040     UNINITIALIZED
                  00003d00    00000040     F2837xD_GlobalVariableDefs.obj (Clb4LogicCtrlRegsFile)

EPwm1RegsFile 
*          1    00004000    00000100     UNINITIALIZED
                  00004000    00000100     F2837xD_GlobalVariableDefs.obj (EPwm1RegsFile)

EPwm2RegsFile 
*          1    00004100    00000100     UNINITIALIZED
                  00004100    00000100     F2837xD_GlobalVariableDefs.obj (EPwm2RegsFile)

EPwm3RegsFile 
*          1    00004200    00000100     UNINITIALIZED
                  00004200    00000100     F2837xD_GlobalVariableDefs.obj (EPwm3RegsFile)

EPwm4RegsFile 
*          1    00004300    00000100     UNINITIALIZED
                  00004300    00000100     F2837xD_GlobalVariableDefs.obj (EPwm4RegsFile)

EPwm5RegsFile 
*          1    00004400    00000100     UNINITIALIZED
                  00004400    00000100     F2837xD_GlobalVariableDefs.obj (EPwm5RegsFile)

EPwm6RegsFile 
*          1    00004500    00000100     UNINITIALIZED
                  00004500    00000100     F2837xD_GlobalVariableDefs.obj (EPwm6RegsFile)

EPwm7RegsFile 
*          1    00004600    00000100     UNINITIALIZED
                  00004600    00000100     F2837xD_GlobalVariableDefs.obj (EPwm7RegsFile)

EPwm8RegsFile 
*          1    00004700    00000100     UNINITIALIZED
                  00004700    00000100     F2837xD_GlobalVariableDefs.obj (EPwm8RegsFile)

EPwm9RegsFile 
*          1    00004800    00000100     UNINITIALIZED
                  00004800    00000100     F2837xD_GlobalVariableDefs.obj (EPwm9RegsFile)

EPwm10RegsFile 
*          1    00004900    00000100     UNINITIALIZED
                  00004900    00000100     F2837xD_GlobalVariableDefs.obj (EPwm10RegsFile)

EPwm11RegsFile 
*          1    00004a00    00000100     UNINITIALIZED
                  00004a00    00000100     F2837xD_GlobalVariableDefs.obj (EPwm11RegsFile)

EPwm12RegsFile 
*          1    00004b00    00000100     UNINITIALIZED
                  00004b00    00000100     F2837xD_GlobalVariableDefs.obj (EPwm12RegsFile)

ECap1RegsFile 
*          1    00005000    0000001a     UNINITIALIZED
                  00005000    0000001a     F2837xD_GlobalVariableDefs.obj (ECap1RegsFile)

ECap2RegsFile 
*          1    00005020    0000001a     UNINITIALIZED
                  00005020    0000001a     F2837xD_GlobalVariableDefs.obj (ECap2RegsFile)

ECap3RegsFile 
*          1    00005040    0000001a     UNINITIALIZED
                  00005040    0000001a     F2837xD_GlobalVariableDefs.obj (ECap3RegsFile)

ECap4RegsFile 
*          1    00005060    0000001a     UNINITIALIZED
                  00005060    0000001a     F2837xD_GlobalVariableDefs.obj (ECap4RegsFile)

ECap5RegsFile 
*          1    00005080    0000001a     UNINITIALIZED
                  00005080    0000001a     F2837xD_GlobalVariableDefs.obj (ECap5RegsFile)

ECap6RegsFile 
*          1    000050a0    0000001a     UNINITIALIZED
                  000050a0    0000001a     F2837xD_GlobalVariableDefs.obj (ECap6RegsFile)

EQep1RegsFile 
*          1    00005100    00000022     UNINITIALIZED
                  00005100    00000022     F2837xD_GlobalVariableDefs.obj (EQep1RegsFile)

EQep2RegsFile 
*          1    00005140    00000022     UNINITIALIZED
                  00005140    00000022     F2837xD_GlobalVariableDefs.obj (EQep2RegsFile)

EQep3RegsFile 
*          1    00005180    00000022     UNINITIALIZED
                  00005180    00000022     F2837xD_GlobalVariableDefs.obj (EQep3RegsFile)

DacaRegsFile 
*          1    00005c00    00000007     UNINITIALIZED
                  00005c00    00000007     F2837xD_GlobalVariableDefs.obj (DacaRegsFile)

DacbRegsFile 
*          1    00005c10    00000007     UNINITIALIZED
                  00005c10    00000007     F2837xD_GlobalVariableDefs.obj (DacbRegsFile)

DaccRegsFile 
*          1    00005c20    00000007     UNINITIALIZED
                  00005c20    00000007     F2837xD_GlobalVariableDefs.obj (DaccRegsFile)

Cmpss1RegsFile 
*          1    00005c80    0000001b     UNINITIALIZED
                  00005c80    0000001b     F2837xD_GlobalVariableDefs.obj (Cmpss1RegsFile)

Cmpss2RegsFile 
*          1    00005ca0    0000001b     UNINITIALIZED
                  00005ca0    0000001b     F2837xD_GlobalVariableDefs.obj (Cmpss2RegsFile)

Cmpss3RegsFile 
*          1    00005cc0    0000001b     UNINITIALIZED
                  00005cc0    0000001b     F2837xD_GlobalVariableDefs.obj (Cmpss3RegsFile)

Cmpss4RegsFile 
*          1    00005ce0    0000001b     UNINITIALIZED
                  00005ce0    0000001b     F2837xD_GlobalVariableDefs.obj (Cmpss4RegsFile)

Cmpss5RegsFile 
*          1    00005d00    0000001b     UNINITIALIZED
                  00005d00    0000001b     F2837xD_GlobalVariableDefs.obj (Cmpss5RegsFile)

Cmpss6RegsFile 
*          1    00005d20    0000001b     UNINITIALIZED
                  00005d20    0000001b     F2837xD_GlobalVariableDefs.obj (Cmpss6RegsFile)

Cmpss7RegsFile 
*          1    00005d40    0000001b     UNINITIALIZED
                  00005d40    0000001b     F2837xD_GlobalVariableDefs.obj (Cmpss7RegsFile)

Cmpss8RegsFile 
*          1    00005d60    0000001b     UNINITIALIZED
                  00005d60    0000001b     F2837xD_GlobalVariableDefs.obj (Cmpss8RegsFile)

I2caRegsFile 
*          1    00007300    00000022     UNINITIALIZED
                  00007300    00000022     F2837xD_GlobalVariableDefs.obj (I2caRegsFile)

I2cbRegsFile 
*          1    00007340    00000022     UNINITIALIZED
                  00007340    00000022     F2837xD_GlobalVariableDefs.obj (I2cbRegsFile)

AdcaRegsFile 
*          1    00007400    0000007c     UNINITIALIZED
                  00007400    0000007c     F2837xD_GlobalVariableDefs.obj (AdcaRegsFile)

AdcbRegsFile 
*          1    00007480    0000007c     UNINITIALIZED
                  00007480    0000007c     F2837xD_GlobalVariableDefs.obj (AdcbRegsFile)

AdccRegsFile 
*          1    00007500    0000007c     UNINITIALIZED
                  00007500    0000007c     F2837xD_GlobalVariableDefs.obj (AdccRegsFile)

AdcdRegsFile 
*          1    00007580    0000007c     UNINITIALIZED
                  00007580    0000007c     F2837xD_GlobalVariableDefs.obj (AdcdRegsFile)

CanaRegsFile 
*          1    00048000    00000164     UNINITIALIZED
                  00048000    00000164     F2837xD_GlobalVariableDefs.obj (CanaRegsFile)

CanbRegsFile 
*          1    0004a000    00000164     UNINITIALIZED
                  0004a000    00000164     F2837xD_GlobalVariableDefs.obj (CanbRegsFile)

AnalogSubsysRegsFile 
*          1    0005d180    0000003e     UNINITIALIZED
                  0005d180    0000003e     F2837xD_GlobalVariableDefs.obj (AnalogSubsysRegsFile)

Cla1SoftIntRegsFile 
*          1    00000ce0    00000000     DSECT

Clb1DataExchRegsFile 
*          1    00003200    00000108     UNINITIALIZED
                  00003200    00000108     F2837xD_GlobalVariableDefs.obj (Clb1DataExchRegsFile)

Clb2DataExchRegsFile 
*          1    00003600    00000108     UNINITIALIZED
                  00003600    00000108     F2837xD_GlobalVariableDefs.obj (Clb2DataExchRegsFile)

Clb3DataExchRegsFile 
*          1    00003a00    00000108     UNINITIALIZED
                  00003a00    00000108     F2837xD_GlobalVariableDefs.obj (Clb3DataExchRegsFile)

Clb4DataExchRegsFile 
*          1    00003e00    00000108     UNINITIALIZED
                  00003e00    00000108     F2837xD_GlobalVariableDefs.obj (Clb4DataExchRegsFile)

Sdfm1RegsFile 
*          1    00005e00    00000048     UNINITIALIZED
                  00005e00    00000048     F2837xD_GlobalVariableDefs.obj (Sdfm1RegsFile)

Sdfm2RegsFile 
*          1    00005e80    00000048     UNINITIALIZED
                  00005e80    00000048     F2837xD_GlobalVariableDefs.obj (Sdfm2RegsFile)

McbspaRegsFile 
*          1    00006000    00000024     UNINITIALIZED
                  00006000    00000024     F2837xD_GlobalVariableDefs.obj (McbspaRegsFile)

McbspbRegsFile 
*          1    00006040    00000024     UNINITIALIZED
                  00006040    00000024     F2837xD_GlobalVariableDefs.obj (McbspbRegsFile)

SpiaRegsFile 
*          1    00006100    00000010     UNINITIALIZED
                  00006100    00000010     F2837xD_GlobalVariableDefs.obj (SpiaRegsFile)

SpibRegsFile 
*          1    00006110    00000010     UNINITIALIZED
                  00006110    00000010     F2837xD_GlobalVariableDefs.obj (SpibRegsFile)

SpicRegsFile 
*          1    00006120    00000010     UNINITIALIZED
                  00006120    00000010     F2837xD_GlobalVariableDefs.obj (SpicRegsFile)

UppRegsFile 
*          1    00006200    00000048     UNINITIALIZED
                  00006200    00000048     F2837xD_GlobalVariableDefs.obj (UppRegsFile)

WdRegsFile 
*          1    00007000    0000002b     UNINITIALIZED
                  00007000    0000002b     F2837xD_GlobalVariableDefs.obj (WdRegsFile)

NmiIntruptRegsFile 
*          1    00007060    00000007     UNINITIALIZED
                  00007060    00000007     F2837xD_GlobalVariableDefs.obj (NmiIntruptRegsFile)

XintRegsFile 
*          1    00007070    0000000b     UNINITIALIZED
                  00007070    0000000b     F2837xD_GlobalVariableDefs.obj (XintRegsFile)

SciaRegsFile 
*          1    00007200    00000010     UNINITIALIZED
                  00007200    00000010     F2837xD_GlobalVariableDefs.obj (SciaRegsFile)

ScibRegsFile 
*          1    00007210    00000010     UNINITIALIZED
                  00007210    00000010     F2837xD_GlobalVariableDefs.obj (ScibRegsFile)

ScicRegsFile 
*          1    00007220    00000010     UNINITIALIZED
                  00007220    00000010     F2837xD_GlobalVariableDefs.obj (ScicRegsFile)

ScidRegsFile 
*          1    00007230    00000010     UNINITIALIZED
                  00007230    00000010     F2837xD_GlobalVariableDefs.obj (ScidRegsFile)

InputXbarRegsFile 
*          1    00007900    00000020     UNINITIALIZED
                  00007900    00000020     F2837xD_GlobalVariableDefs.obj (InputXbarRegsFile)

XbarRegsFile 
*          1    00007920    0000000e     UNINITIALIZED
                  00007920    0000000e     F2837xD_GlobalVariableDefs.obj (XbarRegsFile)

SyncSocRegsFile 
*          1    00007940    00000006     UNINITIALIZED
                  00007940    00000006     F2837xD_GlobalVariableDefs.obj (SyncSocRegsFile)

EPwmXbarRegsFile 
*          1    00007a00    00000040     UNINITIALIZED
                  00007a00    00000040     F2837xD_GlobalVariableDefs.obj (EPwmXbarRegsFile)

ClbXbarRegsFile 
*          1    00007a40    00000040     UNINITIALIZED
                  00007a40    00000040     F2837xD_GlobalVariableDefs.obj (ClbXbarRegsFile)

OutputXbarRegsFile 
*          1    00007a80    00000040     UNINITIALIZED
                  00007a80    00000040     F2837xD_GlobalVariableDefs.obj (OutputXbarRegsFile)

GpioCtrlRegsFile 
*          1    00007c00    00000180     UNINITIALIZED
                  00007c00    00000180     F2837xD_GlobalVariableDefs.obj (GpioCtrlRegsFile)

GpioDataRegsFile 
*          1    00007f00    00000030     UNINITIALIZED
                  00007f00    00000030     F2837xD_GlobalVariableDefs.obj (GpioDataRegsFile)

IpcRegsFile 
*          1    00050000    00000024     UNINITIALIZED
                  00050000    00000024     F2837xD_GlobalVariableDefs.obj (IpcRegsFile)

FlashPumpSemaphoreRegsFile 
*          1    00050024    00000002     UNINITIALIZED
                  00050024    00000002     F2837xD_GlobalVariableDefs.obj (FlashPumpSemaphoreRegsFile)

RomPrefetchRegsFile 
*          1    0005e608    00000002     UNINITIALIZED
                  0005e608    00000002     F2837xD_GlobalVariableDefs.obj (RomPrefetchRegsFile)

DcsmZ1RegsFile 
*          1    0005f000    00000022     UNINITIALIZED
                  0005f000    00000022     F2837xD_GlobalVariableDefs.obj (DcsmZ1RegsFile)

DcsmZ2RegsFile 
*          1    0005f040    00000022     UNINITIALIZED
                  0005f040    00000022     F2837xD_GlobalVariableDefs.obj (DcsmZ2RegsFile)

DcsmCommonRegsFile 
*          1    0005f070    00000006     UNINITIALIZED
                  0005f070    00000006     F2837xD_GlobalVariableDefs.obj (DcsmCommonRegsFile)

DmaRegsFile 
*          1    00001000    000000e0     UNINITIALIZED
                  00001000    000000e0     F2837xD_GlobalVariableDefs.obj (DmaRegsFile)

DmaClaSrcSelRegsFile 
*          1    00007980    0000001a     UNINITIALIZED
                  00007980    0000001a     F2837xD_GlobalVariableDefs.obj (DmaClaSrcSelRegsFile)

Emif1RegsFile 
*          1    00047000    00000028     UNINITIALIZED
                  00047000    00000028     F2837xD_GlobalVariableDefs.obj (Emif1RegsFile)

Emif2RegsFile 
*          1    00047800    00000028     UNINITIALIZED
                  00047800    00000028     F2837xD_GlobalVariableDefs.obj (Emif2RegsFile)

MemCfgRegsFile 
*          1    0005f400    00000076     UNINITIALIZED
                  0005f400    00000076     F2837xD_GlobalVariableDefs.obj (MemCfgRegsFile)

Emif1ConfigRegsFile 
*          1    0005f480    0000000a     UNINITIALIZED
                  0005f480    0000000a     F2837xD_GlobalVariableDefs.obj (Emif1ConfigRegsFile)

Emif2ConfigRegsFile 
*          1    0005f4a0    0000000a     UNINITIALIZED
                  0005f4a0    0000000a     F2837xD_GlobalVariableDefs.obj (Emif2ConfigRegsFile)

AccessProtectionRegsFile 
*          1    0005f4c0    0000002e     UNINITIALIZED
                  0005f4c0    0000002e     F2837xD_GlobalVariableDefs.obj (AccessProtectionRegsFile)

MemoryErrorRegsFile 
*          1    0005f500    0000003a     UNINITIALIZED
                  0005f500    0000003a     F2837xD_GlobalVariableDefs.obj (MemoryErrorRegsFile)

RomWaitStateRegsFile 
*          1    0005f540    00000002     UNINITIALIZED
                  0005f540    00000002     F2837xD_GlobalVariableDefs.obj (RomWaitStateRegsFile)

Flash0CtrlRegsFile 
*          1    0005f800    00000182     UNINITIALIZED
                  0005f800    00000182     F2837xD_GlobalVariableDefs.obj (Flash0CtrlRegsFile)

Flash0EccRegsFile 
*          1    0005fb00    00000028     UNINITIALIZED
                  0005fb00    00000028     F2837xD_GlobalVariableDefs.obj (Flash0EccRegsFile)

DevCfgRegsFile 
*          1    0005d000    0000012e     UNINITIALIZED
                  0005d000    0000012e     F2837xD_GlobalVariableDefs.obj (DevCfgRegsFile)

ClkCfgRegsFile 
*          1    0005d200    00000032     UNINITIALIZED
                  0005d200    00000032     F2837xD_GlobalVariableDefs.obj (ClkCfgRegsFile)

CpuSysRegsFile 
*          1    0005d300    00000082     UNINITIALIZED
                  0005d300    00000082     F2837xD_GlobalVariableDefs.obj (CpuSysRegsFile)

UidRegsFile 
*          1    000703c0    00000010     UNINITIALIZED
                  000703c0    00000010     F2837xD_GlobalVariableDefs.obj (UidRegsFile)

.pinit     0    00080004    00000000     UNINITIALIZED

ramfuncs   0    00084410    00000798     RUN ADDR = 00008000
                  00084410    00000798     mcb_pmsm_foc_mpc_qep_f28379d.obj (ramfuncs)

.TI.ramfunc 
*          0    00084ba8    00000050     RUN ADDR = 00008798
                  00084ba8    00000048     F2837xD_SysCtrl.obj (.TI.ramfunc)
                  00084bf0    00000004     F2837xD_usDelay.obj (.TI.ramfunc)
                  00084bf4    00000004     sysctl.obj (.TI.ramfunc)

.stack     1    00000122    00000400     UNINITIALIZED
                  00000122    00000400     --HOLE--

.reset     0    003fffc0    00000002     DSECT
                  003fffc0    00000002     rts2800_fpu32.lib : boot28.asm.obj (.reset)

GETBUFFER 
*          0    0003f800    00000000     DSECT

GETWRITEIDX 
*          0    0003f800    00000000     DSECT

PUTREADIDX 
*          0    0003f800    00000000     DSECT

WRITEFLAG1CPU2 
*          0    0003f800    00000000     DSECT

WRITEFLAG2CPU2 
*          0    0003f800    00000000     DSECT

READFLAG1CPU2 
*          0    0003f800    00000000     DSECT

READFLAG2CPU2 
*          0    0003f800    00000000     DSECT

.ebss      1    0000e000    0000028f     UNINITIALIZED
                  0000e000    0000022e     mcb_pmsm_foc_mpc_qep_f28379d.obj (.ebss)
                  0000e22e    0000000c     rt_nonfinite.obj (.ebss)
                  0000e23a    00000006     rts2800_fpu32.lib : exit.c.obj (.ebss)
                  0000e240    00000018     F2837xD_CpuTimers.obj (.ebss)
                  0000e258    00000018     MW_c28xSPI.obj (.ebss:_mySpiObj)
                  0000e270    00000008     c2837xDBoard_Realtime_Support.obj (.ebss)
                  0000e278    00000004     DSP28xx_SciUtil.obj (.ebss)
                  0000e27c    00000004     MW_c28xSPI.obj (.ebss:_SPI_oneTimeInit)
                  0000e280    00000003     ert_main.obj (.ebss:_isRateRunning)
                  0000e283    00000003     ert_main.obj (.ebss:_need2runFlags)
                  0000e286    00000003     ert_main.obj (.ebss)
                  0000e289    00000001     MW_c28xGPIO.obj (.ebss)
                  0000e28a    00000002     rts2800_fpu32.lib : _lock.c.obj (.ebss:__lock)
                  0000e28c    00000002                       : _lock.c.obj (.ebss:__unlock)
                  0000e28e    00000001     MW_c28xGlobalInterrupts.obj (.ebss)

MODULE SUMMARY

       Module                                  code    initialized data   uninitialized data
       ------                                  ----    ----------------   ------------------
    <current directory>
       mcb_pmsm_foc_mpc_qep_f28379d.obj        9205    1006               558               
       F2837xD_GlobalVariableDefs.obj          0       0                  9870              
       mcb_pmsm_foc_mpc_qep_f28379d_data.obj   0       2004               0                 
       F2837xD_SysCtrl.obj                     1419    0                  0                 
       F2837xD_DefaultISR.obj                  1413    0                  0                 
       MW_c2000ISR.obj                         1325    0                  0                 
       c2837xDBoard_Realtime_Support.obj       747     43                 8                 
       F2837xD_Ipc_Driver_Lite.obj             579     0                  0                 
       F2837xD_PieVect.obj                     17      448                0                 
       F2837xD_Gpio.obj                        458     0                  0                 
       DSP28xx_SciUtil.obj                     362     0                  4                 
       MW_c28xx_board.obj                      253     0                  0                 
       F2837xD_Adc.obj                         236     0                  0                 
       MW_c28xSPI.obj                          200     7                  28                
       MW_c28xx_adc.obj                        222     0                  0                 
       ert_main.obj                            157     16                 9                 
       c2837xDSchedulerTimer0.obj              164     0                  0                 
       MW_SPI.obj                              125     0                  0                 
       F2837xD_CpuTimers.obj                   94      0                  24                
       rt_nonfinite.obj                        100     0                  12                
       MW_c28xx_csl.obj                        104     0                  0                 
       MW_c28xx_qep.obj                        93      0                  0                 
       MW_c28xx_pwm.obj                        74      0                  0                 
       MW_c28xGPIO.obj                         48      4                  1                 
       F2837xD_PieCtrl.obj                     40      0                  0                 
       rtGetInf.obj                            24      0                  0                 
       MW_c28xGlobalInterrupts.obj             18      4                  1                 
       rtGetNaN.obj                            12      0                  0                 
       F2837xD_CodeStartBranch.obj             10      0                  0                 
       F2837xD_usDelay.obj                     8       0                  0                 
       sysctl.obj                              8       0                  0                 
       memcpy_fast.obj                         7       0                  0                 
    +--+---------------------------------------+-------+------------------+--------------------+
       Total:                                  17522   3532               10515             
                                                                                            
    C:/Users/awear/MY_INS~1/TI-CGT~3.LTS/lib/rts2800_fpu32.lib
       s_floorf.c.obj                          89      2                  0                 
       s_ceilf.c.obj                           88      2                  0                 
       boot28.asm.obj                          86      0                  0                 
       exit.c.obj                              41      14                 6                 
       s_frexpf.c.obj                          50      2                  0                 
       cpy_tbl.c.obj                           36      0                  0                 
       i_div28.asm.obj                         34      0                  0                 
       memcpy.c.obj                            29      0                  0                 
       _lock.c.obj                             9       10                 4                 
       args_main.c.obj                         18      0                  0                 
       memset.c.obj                            7       0                  0                 
       pre_init.c.obj                          2       0                  0                 
       startup.c.obj                           1       0                  0                 
    +--+---------------------------------------+-------+------------------+--------------------+
       Total:                                  490     30                 10                
                                                                                            
       Stack:                                  0       0                  1024              
    +--+---------------------------------------+-------+------------------+--------------------+
       Grand Total:                            18012   3562               11549             


GLOBAL DATA SYMBOLS: SORTED BY DATA PAGE

address     data page           name
--------    ----------------    ----
00000122       4 (00000100)     __stack

00000b00      2c (00000b00)     _AdcaResultRegs
00000b20      2c (00000b00)     _AdcbResultRegs

00000b40      2d (00000b40)     _AdccResultRegs
00000b60      2d (00000b40)     _AdcdResultRegs

00000c00      30 (00000c00)     _CpuTimer0Regs
00000c08      30 (00000c00)     _CpuTimer1Regs
00000c10      30 (00000c00)     _CpuTimer2Regs

00000ce0      33 (00000cc0)     _PieCtrlRegs

00000d00      34 (00000d00)     _PieVectTable

00001000      40 (00001000)     _DmaRegs

00001400      50 (00001400)     _Cla1Regs

00003000      c0 (00003000)     _Clb1LogicCfgRegs

00003100      c4 (00003100)     _Clb1LogicCtrlRegs

00003200      c8 (00003200)     _Clb1DataExchRegs

00003400      d0 (00003400)     _Clb2LogicCfgRegs

00003500      d4 (00003500)     _Clb2LogicCtrlRegs

00003600      d8 (00003600)     _Clb2DataExchRegs

00003800      e0 (00003800)     _Clb3LogicCfgRegs

00003900      e4 (00003900)     _Clb3LogicCtrlRegs

00003a00      e8 (00003a00)     _Clb3DataExchRegs

00003c00      f0 (00003c00)     _Clb4LogicCfgRegs

00003d00      f4 (00003d00)     _Clb4LogicCtrlRegs

00003e00      f8 (00003e00)     _Clb4DataExchRegs

00004000     100 (00004000)     _EPwm1Regs

00004100     104 (00004100)     _EPwm2Regs

00004200     108 (00004200)     _EPwm3Regs

00004300     10c (00004300)     _EPwm4Regs

00004400     110 (00004400)     _EPwm5Regs

00004500     114 (00004500)     _EPwm6Regs

00004600     118 (00004600)     _EPwm7Regs

00004700     11c (00004700)     _EPwm8Regs

00004800     120 (00004800)     _EPwm9Regs

00004900     124 (00004900)     _EPwm10Regs

00004a00     128 (00004a00)     _EPwm11Regs

00004b00     12c (00004b00)     _EPwm12Regs

00005000     140 (00005000)     _ECap1Regs
00005020     140 (00005000)     _ECap2Regs

00005040     141 (00005040)     _ECap3Regs
00005060     141 (00005040)     _ECap4Regs

00005080     142 (00005080)     _ECap5Regs
000050a0     142 (00005080)     _ECap6Regs

00005100     144 (00005100)     _EQep1Regs

00005140     145 (00005140)     _EQep2Regs

00005180     146 (00005180)     _EQep3Regs

00005c00     170 (00005c00)     _DacaRegs
00005c10     170 (00005c00)     _DacbRegs
00005c20     170 (00005c00)     _DaccRegs

00005c80     172 (00005c80)     _Cmpss1Regs
00005ca0     172 (00005c80)     _Cmpss2Regs

00005cc0     173 (00005cc0)     _Cmpss3Regs
00005ce0     173 (00005cc0)     _Cmpss4Regs

00005d00     174 (00005d00)     _Cmpss5Regs
00005d20     174 (00005d00)     _Cmpss6Regs

00005d40     175 (00005d40)     _Cmpss7Regs
00005d60     175 (00005d40)     _Cmpss8Regs

00005e00     178 (00005e00)     _Sdfm1Regs

00005e80     17a (00005e80)     _Sdfm2Regs

00006000     180 (00006000)     _McbspaRegs

00006040     181 (00006040)     _McbspbRegs

00006100     184 (00006100)     _SpiaRegs
00006110     184 (00006100)     _SpibRegs
00006120     184 (00006100)     _SpicRegs

00006200     188 (00006200)     _UppRegs

00007000     1c0 (00007000)     _WdRegs

00007060     1c1 (00007040)     _NmiIntruptRegs
00007070     1c1 (00007040)     _XintRegs

00007200     1c8 (00007200)     _SciaRegs
00007210     1c8 (00007200)     _ScibRegs
00007220     1c8 (00007200)     _ScicRegs
00007230     1c8 (00007200)     _ScidRegs

00007300     1cc (00007300)     _I2caRegs

00007340     1cd (00007340)     _I2cbRegs

00007400     1d0 (00007400)     _AdcaRegs

00007480     1d2 (00007480)     _AdcbRegs

00007500     1d4 (00007500)     _AdccRegs

00007580     1d6 (00007580)     _AdcdRegs

00007900     1e4 (00007900)     _InputXbarRegs
00007920     1e4 (00007900)     _XbarRegs

00007940     1e5 (00007940)     _SyncSocRegs

00007980     1e6 (00007980)     _DmaClaSrcSelRegs

00007a00     1e8 (00007a00)     _EPwmXbarRegs

00007a40     1e9 (00007a40)     _ClbXbarRegs

00007a80     1ea (00007a80)     _OutputXbarRegs

00007c00     1f0 (00007c00)     _GpioCtrlRegs

00007f00     1fc (00007f00)     _GpioDataRegs

0000e000     380 (0000e000)     _MW_adcCInitFlag
0000e001     380 (0000e000)     _MW_adcBInitFlag

0000e040     381 (0000e040)     _mcb_pmsm_foc_mpc_qep_f28379d_DW

0000e100     384 (0000e100)     _mcb_pmsm_foc_mpc_qep_f28379d_B

0000e22e     388 (0000e200)     _rtInf
0000e230     388 (0000e200)     _rtMinusInf
0000e232     388 (0000e200)     _rtNaN
0000e234     388 (0000e200)     _rtInfF
0000e236     388 (0000e200)     _rtMinusInfF
0000e238     388 (0000e200)     _rtNaNF
0000e23a     388 (0000e200)     ___TI_enable_exit_profile_output
0000e23c     388 (0000e200)     ___TI_cleanup_ptr
0000e23e     388 (0000e200)     ___TI_dtors_ptr

0000e240     389 (0000e240)     _CpuTimer0
0000e248     389 (0000e240)     _CpuTimer1
0000e250     389 (0000e240)     _CpuTimer2
0000e258     389 (0000e240)     _mySpiObj
0000e270     389 (0000e240)     _ErrorFlag
0000e272     389 (0000e240)     _CIPC0_INT_fptr
0000e274     389 (0000e240)     _mwInitStart
0000e276     389 (0000e240)     _mwInitEnd
0000e278     389 (0000e240)     _checkSCITransmitInProgressA
0000e279     389 (0000e240)     _frameA1Transmitted
0000e27a     389 (0000e240)     _frameA1Count
0000e27c     389 (0000e240)     _SPI_oneTimeInit

0000e280     38a (0000e280)     _isRateRunning
0000e283     38a (0000e280)     _need2runFlags
0000e286     38a (0000e280)     _IsrOverrun
0000e287     38a (0000e280)     _stopRequested
0000e288     38a (0000e280)     _runModel
0000e289     38a (0000e280)     _GPIO_oneTimeInit
0000e28a     38a (0000e280)     __lock
0000e28c     38a (0000e280)     __unlock
0000e28e     38a (0000e280)     _MW_InterruptDisableLock

00047000    11c0 (00047000)     _Emif1Regs

00047800    11e0 (00047800)     _Emif2Regs

00048000    1200 (00048000)     _CanaRegs

0004a000    1280 (0004a000)     _CanbRegs

00050000    1400 (00050000)     _IpcRegs
00050024    1400 (00050000)     _FlashPumpSemaphoreRegs

0005d000    1740 (0005d000)     _DevCfgRegs

0005d180    1746 (0005d180)     _AnalogSubsysRegs

0005d200    1748 (0005d200)     _ClkCfgRegs

0005d300    174c (0005d300)     _CpuSysRegs

0005e608    1798 (0005e600)     _RomPrefetchRegs

0005f000    17c0 (0005f000)     _DcsmZ1Regs

0005f040    17c1 (0005f040)     _DcsmZ2Regs
0005f070    17c1 (0005f040)     _DcsmCommonRegs

0005f400    17d0 (0005f400)     _MemCfgRegs

0005f480    17d2 (0005f480)     _Emif1ConfigRegs
0005f4a0    17d2 (0005f480)     _Emif2ConfigRegs

0005f4c0    17d3 (0005f4c0)     _AccessProtectionRegs

0005f500    17d4 (0005f500)     _MemoryErrorRegs

0005f540    17d5 (0005f540)     _RomWaitStateRegs

0005f800    17e0 (0005f800)     _Flash0CtrlRegs

0005fb00    17ec (0005fb00)     _Flash0EccRegs

000703c0    1c0f (000703c0)     _UidRegs

00083690    20da (00083680)     _mcb_pmsm_foc_mpc_qep_f28_ConstP

00083e64    20f9 (00083e40)     _PieVectTableInit

00084408    2110 (00084400)     _mcb_pmsm_foc_mpc_qep_f28379d_M


GLOBAL SYMBOLS: SORTED ALPHABETICALLY BY Name 

page  address   name                                                  
----  -------   ----                                                  
0     00080004  .text                                                 
0     0008355f  C$$EXIT                                               
0     000835d4  I$$DIV                                                
0     000835e5  I$$MOD                                                
0     000819bb  _ADCA1_ISR                                            
0     000819b1  _ADCA2_ISR                                            
0     000819a7  _ADCA3_ISR                                            
0     0008199d  _ADCA4_ISR                                            
0     00081993  _ADCA_EVT_ISR                                         
0     00081989  _ADCB1_ISR                                            
0     0008197f  _ADCB2_ISR                                            
0     00081975  _ADCB3_ISR                                            
0     0008196b  _ADCB4_ISR                                            
0     00081961  _ADCB_EVT_ISR                                         
0     00081957  _ADCC1_ISR                                            
0     0008194d  _ADCC2_ISR                                            
0     00081943  _ADCC3_ISR                                            
0     00081939  _ADCC4_ISR                                            
0     0008192f  _ADCC_EVT_ISR                                         
0     00081925  _ADCD1_ISR                                            
0     0008191b  _ADCD2_ISR                                            
0     00081911  _ADCD3_ISR                                            
0     00081907  _ADCD4_ISR                                            
0     000818fd  _ADCD_EVT_ISR                                         
0     000818f3  _AUX_PLL_SLIP_ISR                                     
1     0005f4c0  _AccessProtectionRegs                                 
0     00082cbb  _AdcSetMode                                           
1     00007400  _AdcaRegs                                             
1     00000b00  _AdcaResultRegs                                       
1     00007480  _AdcbRegs                                             
1     00000b20  _AdcbResultRegs                                       
1     00007500  _AdccRegs                                             
1     00000b40  _AdccResultRegs                                       
1     00007580  _AdcdRegs                                             
1     00000b60  _AdcdResultRegs                                       
1     0005d180  _AnalogSubsysRegs                                     
0     00082248  _AuxAuxClkSel                                         
0     00082263  _AuxIntOsc2Sel                                        
0     00082252  _AuxXtalOscSel                                        
0     000818e9  _CANA0_ISR                                            
0     000818df  _CANA1_ISR                                            
0     000818d5  _CANB0_ISR                                            
0     000818cb  _CANB1_ISR                                            
1     0000e272  _CIPC0_INT_fptr                                       
0     000818c1  _CLA1_1_ISR                                           
0     000818b7  _CLA1_2_ISR                                           
0     000818ad  _CLA1_3_ISR                                           
0     000818a3  _CLA1_4_ISR                                           
0     00081899  _CLA1_5_ISR                                           
0     0008188f  _CLA1_6_ISR                                           
0     00081885  _CLA1_7_ISR                                           
0     0008187b  _CLA1_8_ISR                                           
0     00081871  _CLA_OVERFLOW_ISR                                     
0     00081867  _CLA_UNDERFLOW_ISR                                    
0     00082f18  _CPU02toCPU01IPC0IntHandler                           
0     00082c86  _CalAdcINL                                            
1     00048000  _CanaRegs                                             
1     0004a000  _CanbRegs                                             
1     00001400  _Cla1Regs                                             
1     00003200  _Clb1DataExchRegs                                     
1     00003000  _Clb1LogicCfgRegs                                     
1     00003100  _Clb1LogicCtrlRegs                                    
1     00003600  _Clb2DataExchRegs                                     
1     00003400  _Clb2LogicCfgRegs                                     
1     00003500  _Clb2LogicCtrlRegs                                    
1     00003a00  _Clb3DataExchRegs                                     
1     00003800  _Clb3LogicCfgRegs                                     
1     00003900  _Clb3LogicCtrlRegs                                    
1     00003e00  _Clb4DataExchRegs                                     
1     00003c00  _Clb4LogicCfgRegs                                     
1     00003d00  _Clb4LogicCtrlRegs                                    
1     00007a40  _ClbXbarRegs                                          
1     0005d200  _ClkCfgRegs                                           
1     00005c80  _Cmpss1Regs                                           
1     00005ca0  _Cmpss2Regs                                           
1     00005cc0  _Cmpss3Regs                                           
1     00005ce0  _Cmpss4Regs                                           
1     00005d00  _Cmpss5Regs                                           
1     00005d20  _Cmpss6Regs                                           
1     00005d40  _Cmpss7Regs                                           
1     00005d60  _Cmpss8Regs                                           
0     00083288  _ConfigCpuTimer                                       
0     0008215d  _ConfigureTMXAnalogTrim                               
1     0005d300  _CpuSysRegs                                           
1     0000e240  _CpuTimer0                                            
1     00000c00  _CpuTimer0Regs                                        
1     0000e248  _CpuTimer1                                            
1     00000c08  _CpuTimer1Regs                                        
1     0000e250  _CpuTimer2                                            
1     00000c10  _CpuTimer2Regs                                        
0     000823cc  _CsmUnlock                                            
0     0008185d  _DATALOG_ISR                                          
0     00081853  _DMA_CH1_ISR                                          
0     00081849  _DMA_CH2_ISR                                          
0     0008183f  _DMA_CH3_ISR                                          
0     00081835  _DMA_CH4_ISR                                          
0     0008182b  _DMA_CH5_ISR                                          
0     00081821  _DMA_CH6_ISR                                          
1     00005c00  _DacaRegs                                             
1     00005c10  _DacbRegs                                             
1     00005c20  _DaccRegs                                             
1     0005f070  _DcsmCommonRegs                                       
1     0005f000  _DcsmZ1Regs                                           
1     0005f040  _DcsmZ2Regs                                           
0     00082629  _DelayLoop                                            
1     0005d000  _DevCfgRegs                                           
0     00082150  _DisableDog                                           
0     00082376  _DisablePeripheralClocks                              
1     00007980  _DmaClaSrcSelRegs                                     
1     00001000  _DmaRegs                                              
0     00081817  _ECAP1_ISR                                            
0     0008180d  _ECAP2_ISR                                            
0     00081803  _ECAP3_ISR                                            
0     000817f9  _ECAP4_ISR                                            
0     000817ef  _ECAP5_ISR                                            
0     000817e5  _ECAP6_ISR                                            
1     00005000  _ECap1Regs                                            
1     00005020  _ECap2Regs                                            
1     00005040  _ECap3Regs                                            
1     00005060  _ECap4Regs                                            
1     00005080  _ECap5Regs                                            
1     000050a0  _ECap6Regs                                            
0     000817db  _EMIF_ERROR_ISR                                       
0     000817ce  _EMPTY_ISR                                            
0     000817c4  _EMU_ISR                                              
0     000817ba  _EPWM10_ISR                                           
0     000817b0  _EPWM10_TZ_ISR                                        
0     000817a6  _EPWM11_ISR                                           
0     0008179c  _EPWM11_TZ_ISR                                        
0     00081792  _EPWM12_ISR                                           
0     00081788  _EPWM12_TZ_ISR                                        
0     0008177e  _EPWM1_ISR                                            
0     00081774  _EPWM1_TZ_ISR                                         
0     0008176a  _EPWM2_ISR                                            
0     00081760  _EPWM2_TZ_ISR                                         
0     00081756  _EPWM3_ISR                                            
0     0008174c  _EPWM3_TZ_ISR                                         
0     00081742  _EPWM4_ISR                                            
0     00081738  _EPWM4_TZ_ISR                                         
0     0008172e  _EPWM5_ISR                                            
0     00081724  _EPWM5_TZ_ISR                                         
0     0008171a  _EPWM6_ISR                                            
0     00081710  _EPWM6_TZ_ISR                                         
0     00081706  _EPWM7_ISR                                            
0     000816fc  _EPWM7_TZ_ISR                                         
0     000816f2  _EPWM8_ISR                                            
0     000816e8  _EPWM8_TZ_ISR                                         
0     000816de  _EPWM9_ISR                                            
0     000816d4  _EPWM9_TZ_ISR                                         
1     00004900  _EPwm10Regs                                           
1     00004a00  _EPwm11Regs                                           
1     00004b00  _EPwm12Regs                                           
1     00004000  _EPwm1Regs                                            
1     00004100  _EPwm2Regs                                            
1     00004200  _EPwm3Regs                                            
1     00004300  _EPwm4Regs                                            
1     00004400  _EPwm5Regs                                            
1     00004500  _EPwm6Regs                                            
1     00004600  _EPwm7Regs                                            
1     00004700  _EPwm8Regs                                            
1     00004800  _EPwm9Regs                                            
1     00007a00  _EPwmXbarRegs                                         
0     000816ca  _EQEP1_ISR                                            
0     000816c0  _EQEP2_ISR                                            
0     000816b6  _EQEP3_ISR                                            
1     00005100  _EQep1Regs                                            
1     00005140  _EQep2Regs                                            
1     00005180  _EQep3Regs                                            
1     0005f480  _Emif1ConfigRegs                                      
1     00047000  _Emif1Regs                                            
1     0005f4a0  _Emif2ConfigRegs                                      
1     00047800  _Emif2Regs                                            
0     000835a7  _EnableInterrupts                                     
1     0000e270  _ErrorFlag                                            
0     000087e0  _F28x_usDelay                                         
0     000816ac  _FLASH_CORRECTABLE_ERROR_ISR                          
0     000816a2  _FPU_OVERFLOW_ISR                                     
0     00081698  _FPU_UNDERFLOW_ISR                                    
1     0005f800  _Flash0CtrlRegs                                       
1     0005fb00  _Flash0EccRegs                                        
0     000087cc  _FlashOff                                             
1     00050024  _FlashPumpSemaphoreRegs                               
0     00082a0f  _GPIO_EnableUnbondedIOPullups                         
0     000829ea  _GPIO_EnableUnbondedIOPullupsFor100Pin                
0     000829d1  _GPIO_EnableUnbondedIOPullupsFor176Pin                
0     000829bd  _GPIO_ReadPin                                         
0     0008299b  _GPIO_SetupLock                                       
0     00082946  _GPIO_SetupPinMux                                     
0     000828c1  _GPIO_SetupPinOptions                                 
0     000828ba  _GPIO_SetupXINT1Gpio                                  
0     000828b3  _GPIO_SetupXINT2Gpio                                  
0     000828ac  _GPIO_SetupXINT3Gpio                                  
0     000828a5  _GPIO_SetupXINT4Gpio                                  
0     0008289e  _GPIO_SetupXINT5Gpio                                  
0     0008354b  _GPIO_TogglePin                                       
0     00082884  _GPIO_WritePin                                        
1     0000e289  _GPIO_oneTimeInit                                     
1     00007c00  _GpioCtrlRegs                                         
1     00007f00  _GpioDataRegs                                         
0     000823b3  _HALT                                                 
0     00082394  _HIB                                                  
0     00081eda  _HWI_TIC28x_AcknowledgeIrq                            
0     00081ec8  _HWI_TIC28x_ConfigureIRQ                              
0     00081cfa  _HWI_TIC28x_DisableIRQ                                
0     00081b46  _HWI_TIC28x_EnableIRQ                                 
0     000819c5  _HWI_TIC28x_EnablePendingIRQ                          
0     0008168e  _I2CA_FIFO_ISR                                        
0     00081684  _I2CA_ISR                                             
0     0008167a  _I2CB_FIFO_ISR                                        
0     00081670  _I2CB_ISR                                             
1     00007300  _I2caRegs                                             
1     00007340  _I2cbRegs                                             
0     0008236d  _IDLE                                                 
0     00081666  _ILLEGAL_ISR                                          
0     0008165c  _IPC0_ISR                                             
0     00081652  _IPC1_ISR                                             
0     00081648  _IPC2_ISR                                             
0     0008163e  _IPC3_ISR                                             
0     00082608  _IPCLiteLtoRClearBits                                 
0     00082501  _IPCLiteLtoRClearBits_Protected                       
0     000825ed  _IPCLiteLtoRDataRead                                  
0     000825ce  _IPCLiteLtoRDataWrite                                 
0     000825af  _IPCLiteLtoRDataWrite_Protected                       
0     00082597  _IPCLiteLtoRFunctionCall                              
0     00082583  _IPCLiteLtoRGetResult                                 
0     00082562  _IPCLiteLtoRSetBits                                   
0     00082522  _IPCLiteLtoRSetBits_Protected                         
0     00082543  _IPCLiteReqMemAccess                                  
0     000824dd  _IPCLiteRtoLClearBits                                 
0     000824b6  _IPCLiteRtoLClearBits_Protected                       
0     00082499  _IPCLiteRtoLDataRead                                  
0     00082477  _IPCLiteRtoLDataWrite                                 
0     00082452  _IPCLiteRtoLDataWrite_Protected                       
0     00082434  _IPCLiteRtoLFunctionCall                              
0     00082412  _IPCLiteRtoLSetBits                                   
0     000823ed  _IPCLiteRtoLSetBits_Protected                         
0     00082e33  _InitAdcB                                             
0     00082e16  _InitAdcC                                             
0     00082270  _InitAuxPll                                           
0     0008324d  _InitCpuTimers                                        
0     00008798  _InitFlash                                            
0     00082855  _InitGpio                                             
0     00082180  _InitPeripheralClocks                                 
0     00083588  _InitPieCtrl                                          
0     0008364f  _InitPieVectTable                                     
0     00082229  _InitSysCtrl                                          
0     00081f5b  _InitSysPll                                           
1     00007900  _InputXbarRegs                                        
1     00050000  _IpcRegs                                              
1     0000e286  _IsrOverrun                                           
0     00081634  _MCBSPA_RX_ISR                                        
0     0008162a  _MCBSPA_TX_ISR                                        
0     00081620  _MCBSPB_RX_ISR                                        
0     00081616  _MCBSPB_TX_ISR                                        
1     0000e28e  _MW_InterruptDisableLock                              
0     00084bf8  _MW_RamfuncsLoadEnd                                   
abs   00000050  _MW_RamfuncsLoadSize                                  
0     00084ba8  _MW_RamfuncsLoadStart                                 
0     000087e8  _MW_RamfuncsRunEnd                                    
abs   00000050  _MW_RamfuncsRunSize                                   
0     00008798  _MW_RamfuncsRunStart                                  
0     00083180  _MW_SPI_Close                                         
0     0008317e  _MW_SPI_GetStatus                                     
0     00083152  _MW_SPI_MasterWriteRead_8bits                         
0     0008313a  _MW_SPI_Open                                          
0     00083138  _MW_SPI_SetBusSpeed                                   
0     00083108  _MW_SPI_SetFormat                                     
0     00083106  _MW_SPI_SetSlaveSelect                                
0     00083104  _MW_SPI_SlaveWriteRead_8bits                          
1     0000e001  _MW_adcBInitFlag                                      
1     0000e000  _MW_adcCInitFlag                                      
1     00006000  _McbspaRegs                                           
1     00006040  _McbspbRegs                                           
1     0005f400  _MemCfgRegs                                           
1     0005f500  _MemoryErrorRegs                                      
0     0008160c  _NMI_ISR                                              
0     00081602  _NOTUSED_ISR                                          
1     00007060  _NmiIntruptRegs                                       
0     00083540  _OneTimeGpioInit                                      
1     00007a80  _OutputXbarRegs                                       
0     000815f8  _PIE_RESERVED_ISR                                     
1     00000ce0  _PieCtrlRegs                                          
1     00000d00  _PieVectTable                                         
0     00083e64  _PieVectTableInit                                     
0     000815ee  _RAM_ACCESS_VIOLATION_ISR                             
0     000815e4  _RAM_CORRECTABLE_ERROR_ISR                            
0     000815da  _RTOS_ISR                                             
0     00084ba8  _RamfuncsLoadEnd                                      
abs   00000798  _RamfuncsLoadSize                                     
0     00084410  _RamfuncsLoadStart                                    
0     00008798  _RamfuncsRunEnd                                       
abs   00000798  _RamfuncsRunSize                                      
0     00008000  _RamfuncsRunStart                                     
0     00081f51  _ReleaseFlashPump                                     
1     0005e608  _RomPrefetchRegs                                      
1     0005f540  _RomWaitStateRegs                                     
0     0008307b  _SCIA_RX_INT                                          
0     000815d0  _SCIA_RX_ISR                                          
0     000815c6  _SCIA_TX_ISR                                          
0     000815bc  _SCIB_RX_ISR                                          
0     000815b2  _SCIB_TX_ISR                                          
0     000815a8  _SCIC_RX_ISR                                          
0     0008159e  _SCIC_TX_ISR                                          
0     00081594  _SCID_RX_ISR                                          
0     0008158a  _SCID_TX_ISR                                          
0     00081580  _SD1_ISR                                              
0     00081576  _SD2_ISR                                              
0     0008156c  _SPIA_RX_ISR                                          
0     00081562  _SPIA_TX_ISR                                          
0     00081558  _SPIB_RX_ISR                                          
0     0008154e  _SPIB_TX_ISR                                          
0     00081544  _SPIC_RX_ISR                                          
0     0008153a  _SPIC_TX_ISR                                          
0     00082f03  _SPI_clockFormat                                      
0     00082e7e  _SPI_init                                             
1     0000e27c  _SPI_oneTimeInit                                      
0     00082e50  _SPI_status                                           
0     00081f46  _STANDBY                                              
0     00081530  _SYS_PLL_SLIP_ISR                                     
1     00007200  _SciaRegs                                             
1     00007210  _ScibRegs                                             
1     00007220  _ScicRegs                                             
1     00007230  _ScidRegs                                             
1     00005e00  _Sdfm1Regs                                            
1     00005e80  _Sdfm2Regs                                            
0     00081f34  _SeizeFlashPump                                       
0     00081f26  _ServiceDog                                           
0     0008352f  _Set_GPIOPin                                          
1     00006100  _SpiaRegs                                             
1     00006110  _SpibRegs                                             
1     00006120  _SpicRegs                                             
1     00007940  _SyncSocRegs                                          
0     000087e4  _SysCtl_delay                                         
0     00081f16  _SysIntOsc1Sel                                        
0     00081f02  _SysIntOsc2Sel                                        
0     00081ef2  _SysXtalOscSel                                        
0     00081526  _TIMER0_ISR                                           
0     0008151c  _TIMER1_ISR                                           
0     00081512  _TIMER2_ISR                                           
0     000834b3  _TINT0_isr                                            
0     00081508  _UPPA_ISR                                             
0     000814fe  _USBA_ISR                                             
0     000814f4  _USER10_ISR                                           
0     000814ea  _USER11_ISR                                           
0     000814e0  _USER12_ISR                                           
0     000814d6  _USER1_ISR                                            
0     000814cc  _USER2_ISR                                            
0     000814c2  _USER3_ISR                                            
0     000814b8  _USER4_ISR                                            
0     000814ae  _USER5_ISR                                            
0     000814a4  _USER6_ISR                                            
0     0008149a  _USER7_ISR                                            
0     00081490  _USER8_ISR                                            
0     00081486  _USER9_ISR                                            
1     000703c0  _UidRegs                                              
1     00006200  _UppRegs                                              
0     0008147c  _VCU_ISR                                              
0     00081472  _WAKE_ISR                                             
1     00007000  _WdRegs                                               
0     00081468  _XINT1_ISR                                            
0     0008145e  _XINT2_ISR                                            
0     00081454  _XINT3_ISR                                            
0     0008144a  _XINT4_ISR                                            
0     00081440  _XINT5_ISR                                            
1     00007920  _XbarRegs                                             
1     00007070  _XintRegs                                             
1     00000522  __STACK_END                                           
abs   00000400  __STACK_SIZE                                          
1     0000e23c  ___TI_cleanup_ptr                                     
1     0000e23e  ___TI_dtors_ptr                                       
1     0000e23a  ___TI_enable_exit_profile_output                      
abs   ffffffff  ___TI_pprof_out_hndl                                  
abs   ffffffff  ___TI_prof_data_size                                  
abs   ffffffff  ___TI_prof_data_start                                 
abs   ffffffff  ___binit__                                            
abs   ffffffff  ___c_args__                                           
0     00084bf8  ___cinit__                                            
0     0008368e  ___etext__                                            
abs   ffffffff  ___pinit__                                            
0     00080004  ___text__                                             
0     0008363d  __args_main                                           
1     0000e28a  __lock                                                
0     00083674  __nop                                                 
0     00083670  __register_lock                                       
0     0008366c  __register_unlock                                     
1     00000122  __stack                                               
0     0008368d  __system_post_cinit                                   
0     0008368b  __system_pre_init                                     
1     0000e28c  __unlock                                              
0     0008355f  _abort                                                
0     0008283c  _c2000_flash_init                                     
0     00083413  _c_int00                                              
0     000833bb  _ceil                                                 
0     000833bb  _ceilf                                                
1     0000e278  _checkSCITransmitInProgressA                          
0     00082de8  _config_ADCB_SOC0                                     
0     00082dc1  _config_ADCB_SOC2                                     
0     00082d99  _config_ADCC_SOC0                                     
0     00082d72  _config_ADCC_SOC2                                     
0     000832ab  _config_QEP_eQEP1                                     
0     000834a5  _config_ePWMSyncSource                                
0     00083471  _config_ePWM_GPIO                                     
0     00083469  _config_ePWM_TBSync                                   
0     00083332  _configureTimer0                                      
0     000835b0  _copy_in                                              
0     0008330d  _disableTimer0Interrupt                               
0     000831e2  _disableWatchdog                                      
0     0008022b  _div_nde_s16_floor                                    
0     00083320  _enableTimer0Interrupt                                
0     00083561  _exit                                                 
0     00083362  _floor                                                
0     00083362  _floorf                                               
1     0000e27a  _frameA1Count                                         
1     0000e279  _frameA1Transmitted                                   
0     000834fd  _frexp                                                
0     000834fd  _frexpf                                               
0     00083635  _globalInterruptDisable                               
0     0008362b  _globalInterruptEnable                                
0     000827b6  _initSetGPIOIPC                                       
0     0008319e  _init_SCI                                             
0     00082b81  _init_SCIFrame                                        
0     00083181  _init_SCI_GPIO                                        
0     00082b89  _init_board                                           
1     0000e280  _isRateRunning                                        
0     0008303e  _main                                                 
0     000812cf  _mcb__SPIMasterTransfer_Init                          
0     0008007a  _mcb__SPIMasterTransfer_Term                          
0     0008104d  _mcb_pms_CurrentControl_Init                          
0     00080176  _mcb_pmsm_IfActionSubsystem1                          
0     00080182  _mcb_pmsm__IfActionSubsystem                          
0     000812f4  _mcb_pmsm__SPIMasterTransfer                          
0     000812ca  _mcb_pmsm__SpeedControl_Init                          
[...]
0     00082583  _IPCLiteLtoRGetResult                                 
0     00082597  _IPCLiteLtoRFunctionCall                              
0     000825af  _IPCLiteLtoRDataWrite_Protected                       
0     000825ce  _IPCLiteLtoRDataWrite                                 
0     000825ed  _IPCLiteLtoRDataRead                                  
0     00082608  _IPCLiteLtoRClearBits                                 
0     00082629  _DelayLoop                                            
0     00082630  _setSyncSocRegsForCPU2                                
0     00082644  _setOutXBARForCPU2                                    
0     00082693  _setInXBARForCPU2                                     
0     000826f7  _setGPIOForCPU2                                       
0     00082732  _setEpwmXBARForCPU2                                   
0     00082775  _setCLBXBARForCPU2                                    
0     000827b6  _initSetGPIOIPC                                       
0     0008283c  _c2000_flash_init                                     
0     00082855  _InitGpio                                             
0     00082884  _GPIO_WritePin                                        
0     0008289e  _GPIO_SetupXINT5Gpio                                  
0     000828a5  _GPIO_SetupXINT4Gpio                                  
0     000828ac  _GPIO_SetupXINT3Gpio                                  
0     000828b3  _GPIO_SetupXINT2Gpio                                  
0     000828ba  _GPIO_SetupXINT1Gpio                                  
0     000828c1  _GPIO_SetupPinOptions                                 
0     00082946  _GPIO_SetupPinMux                                     
0     0008299b  _GPIO_SetupLock                                       
0     000829bd  _GPIO_ReadPin                                         
0     000829d1  _GPIO_EnableUnbondedIOPullupsFor176Pin                
0     000829ea  _GPIO_EnableUnbondedIOPullupsFor100Pin                
0     00082a0f  _GPIO_EnableUnbondedIOPullups                         
0     00082a1f  _scia_xmit                                            
0     00082a53  _scia_rcv_varsize                                     
0     00082b0f  _scia_rcv                                             
0     00082b81  _init_SCIFrame                                        
0     00082b89  _init_board                                           
0     00082c86  _CalAdcINL                                            
0     00082cbb  _AdcSetMode                                           
0     00082d72  _config_ADCC_SOC2                                     
0     00082d99  _config_ADCC_SOC0                                     
0     00082dc1  _config_ADCB_SOC2                                     
0     00082de8  _config_ADCB_SOC0                                     
0     00082e16  _InitAdcC                                             
0     00082e33  _InitAdcB                                             
0     00082e50  _SPI_status                                           
0     00082e7e  _SPI_init                                             
0     00082f03  _SPI_clockFormat                                      
0     00082f18  _CPU02toCPU01IPC0IntHandler                           
0     00082fde  _rt_OneStep                                           
0     0008303e  _main                                                 
0     0008307b  _SCIA_RX_INT                                          
0     00083104  _MW_SPI_SlaveWriteRead_8bits                          
0     00083106  _MW_SPI_SetSlaveSelect                                
0     00083108  _MW_SPI_SetFormat                                     
0     00083138  _MW_SPI_SetBusSpeed                                   
0     0008313a  _MW_SPI_Open                                          
0     00083152  _MW_SPI_MasterWriteRead_8bits                         
0     0008317e  _MW_SPI_GetStatus                                     
0     00083180  _MW_SPI_Close                                         
0     00083181  _init_SCI_GPIO                                        
0     0008319e  _init_SCI                                             
0     000831e2  _disableWatchdog                                      
0     000831e9  _rt_InitInfAndNaN                                     
0     0008320e  _rtIsNaNF                                             
0     00083224  _rtIsNaN                                              
0     00083227  _rtIsInfF                                             
0     0008323a  _rtIsInf                                              
0     0008324d  _InitCpuTimers                                        
0     00083288  _ConfigCpuTimer                                       
0     000832ab  _config_QEP_eQEP1                                     
0     00083308  _stopTimer0                                           
0     0008330d  _disableTimer0Interrupt                               
0     00083320  _enableTimer0Interrupt                                
0     0008332a  _restoreTimer0Interrupt                               
0     00083332  _configureTimer0                                      
0     00083362  _floor                                                
0     00083362  _floorf                                               
0     000833bb  _ceil                                                 
0     000833bb  _ceilf                                                
0     00083413  _c_int00                                              
0     00083469  _config_ePWM_TBSync                                   
0     00083471  _config_ePWM_GPIO                                     
0     000834a5  _config_ePWMSyncSource                                
0     000834b3  _TINT0_isr                                            
0     000834fd  _frexp                                                
0     000834fd  _frexpf                                               
0     0008352f  _Set_GPIOPin                                          
0     00083540  _OneTimeGpioInit                                      
0     0008354b  _GPIO_TogglePin                                       
0     0008355f  C$$EXIT                                               
0     0008355f  _abort                                                
0     00083561  _exit                                                 
0     00083588  _InitPieCtrl                                          
0     000835a7  _EnableInterrupts                                     
0     000835b0  _copy_in                                              
0     000835d4  I$$DIV                                                
0     000835e5  I$$MOD                                                
0     000835f6  _memcpy                                               
0     00083613  _rtGetMinusInfF                                       
0     0008361c  _rtGetMinusInf                                        
0     0008361f  _rtGetInfF                                            
0     00083628  _rtGetInf                                             
0     0008362b  _globalInterruptEnable                                
0     00083635  _globalInterruptDisable                               
0     0008363d  __args_main                                           
0     0008364f  _InitPieVectTable                                     
0     00083660  _rtGetNaNF                                            
0     00083669  _rtGetNaN                                             
0     0008366c  __register_unlock                                     
0     00083670  __register_lock                                       
0     00083674  __nop                                                 
0     0008367d  _memcpy_fast                                          
0     00083684  _memset                                               
0     0008368b  __system_pre_init                                     
0     0008368d  __system_post_cinit                                   
0     0008368e  ___etext__                                            
0     0008368e  etext                                                 
0     00083690  _mcb_pmsm_foc_mpc_qep_f28_ConstP                      
0     00083e64  _PieVectTableInit                                     
0     00084408  _mcb_pmsm_foc_mpc_qep_f28379d_M                       
0     00084410  _RamfuncsLoadStart                                    
0     00084ba8  _MW_RamfuncsLoadStart                                 
0     00084ba8  _RamfuncsLoadEnd                                      
0     00084bf8  _MW_RamfuncsLoadEnd                                   
0     00084bf8  ___cinit__                                            
0     00084bf8  cinit                                                 
1     00000122  __stack                                               
1     00000522  __STACK_END                                           
1     00000b00  _AdcaResultRegs                                       
1     00000b20  _AdcbResultRegs                                       
1     00000b40  _AdccResultRegs                                       
1     00000b60  _AdcdResultRegs                                       
1     00000c00  _CpuTimer0Regs                                        
1     00000c08  _CpuTimer1Regs                                        
1     00000c10  _CpuTimer2Regs                                        
1     00000ce0  _PieCtrlRegs                                          
1     00000d00  _PieVectTable                                         
1     00001000  _DmaRegs                                              
1     00001400  _Cla1Regs                                             
1     00003000  _Clb1LogicCfgRegs                                     
1     00003100  _Clb1LogicCtrlRegs                                    
1     00003200  _Clb1DataExchRegs                                     
1     00003400  _Clb2LogicCfgRegs                                     
1     00003500  _Clb2LogicCtrlRegs                                    
1     00003600  _Clb2DataExchRegs                                     
1     00003800  _Clb3LogicCfgRegs                                     
1     00003900  _Clb3LogicCtrlRegs                                    
1     00003a00  _Clb3DataExchRegs                                     
1     00003c00  _Clb4LogicCfgRegs                                     
1     00003d00  _Clb4LogicCtrlRegs                                    
1     00003e00  _Clb4DataExchRegs                                     
1     00004000  _EPwm1Regs                                            
1     00004100  _EPwm2Regs                                            
1     00004200  _EPwm3Regs                                            
1     00004300  _EPwm4Regs                                            
1     00004400  _EPwm5Regs                                            
1     00004500  _EPwm6Regs                                            
1     00004600  _EPwm7Regs                                            
1     00004700  _EPwm8Regs                                            
1     00004800  _EPwm9Regs                                            
1     00004900  _EPwm10Regs                                           
1     00004a00  _EPwm11Regs                                           
1     00004b00  _EPwm12Regs                                           
1     00005000  _ECap1Regs                                            
1     00005020  _ECap2Regs                                            
1     00005040  _ECap3Regs                                            
1     00005060  _ECap4Regs                                            
1     00005080  _ECap5Regs                                            
1     000050a0  _ECap6Regs                                            
1     00005100  _EQep1Regs                                            
1     00005140  _EQep2Regs                                            
1     00005180  _EQep3Regs                                            
1     00005c00  _DacaRegs                                             
1     00005c10  _DacbRegs                                             
1     00005c20  _DaccRegs                                             
1     00005c80  _Cmpss1Regs                                           
1     00005ca0  _Cmpss2Regs                                           
1     00005cc0  _Cmpss3Regs                                           
1     00005ce0  _Cmpss4Regs                                           
1     00005d00  _Cmpss5Regs                                           
1     00005d20  _Cmpss6Regs                                           
1     00005d40  _Cmpss7Regs                                           
1     00005d60  _Cmpss8Regs                                           
1     00005e00  _Sdfm1Regs                                            
1     00005e80  _Sdfm2Regs                                            
1     00006000  _McbspaRegs                                           
1     00006040  _McbspbRegs                                           
1     00006100  _SpiaRegs                                             
1     00006110  _SpibRegs                                             
1     00006120  _SpicRegs                                             
1     00006200  _UppRegs                                              
1     00007000  _WdRegs                                               
1     00007060  _NmiIntruptRegs                                       
1     00007070  _XintRegs                                             
1     00007200  _SciaRegs                                             
1     00007210  _ScibRegs                                             
1     00007220  _ScicRegs                                             
1     00007230  _ScidRegs                                             
1     00007300  _I2caRegs                                             
1     00007340  _I2cbRegs                                             
1     00007400  _AdcaRegs                                             
1     00007480  _AdcbRegs                                             
1     00007500  _AdccRegs                                             
1     00007580  _AdcdRegs                                             
1     00007900  _InputXbarRegs                                        
1     00007920  _XbarRegs                                             
1     00007940  _SyncSocRegs                                          
1     00007980  _DmaClaSrcSelRegs                                     
1     00007a00  _EPwmXbarRegs                                         
1     00007a40  _ClbXbarRegs                                          
1     00007a80  _OutputXbarRegs                                       
1     00007c00  _GpioCtrlRegs                                         
1     00007f00  _GpioDataRegs                                         
1     0000e000  _MW_adcCInitFlag                                      
1     0000e001  _MW_adcBInitFlag                                      
1     0000e040  _mcb_pmsm_foc_mpc_qep_f28379d_DW                      
1     0000e100  _mcb_pmsm_foc_mpc_qep_f28379d_B                       
1     0000e22e  _rtInf                                                
1     0000e230  _rtMinusInf                                           
1     0000e232  _rtNaN                                                
1     0000e234  _rtInfF                                               
1     0000e236  _rtMinusInfF                                          
1     0000e238  _rtNaNF                                               
1     0000e23a  ___TI_enable_exit_profile_output                      
1     0000e23c  ___TI_cleanup_ptr                                     
1     0000e23e  ___TI_dtors_ptr                                       
1     0000e240  _CpuTimer0                                            
1     0000e248  _CpuTimer1                                            
1     0000e250  _CpuTimer2                                            
1     0000e258  _mySpiObj                                             
1     0000e270  _ErrorFlag                                            
1     0000e272  _CIPC0_INT_fptr                                       
1     0000e274  _mwInitStart                                          
1     0000e276  _mwInitEnd                                            
1     0000e278  _checkSCITransmitInProgressA                          
1     0000e279  _frameA1Transmitted                                   
1     0000e27a  _frameA1Count                                         
1     0000e27c  _SPI_oneTimeInit                                      
1     0000e280  _isRateRunning                                        
1     0000e283  _need2runFlags                                        
1     0000e286  _IsrOverrun                                           
1     0000e287  _stopRequested                                        
1     0000e288  _runModel                                             
1     0000e289  _GPIO_oneTimeInit                                     
1     0000e28a  __lock                                                
1     0000e28c  __unlock                                              
1     0000e28e  _MW_InterruptDisableLock                              
1     00047000  _Emif1Regs                                            
1     00047800  _Emif2Regs                                            
1     00048000  _CanaRegs                                             
1     0004a000  _CanbRegs                                             
1     00050000  _IpcRegs                                              
1     00050024  _FlashPumpSemaphoreRegs                               
1     0005d000  _DevCfgRegs                                           
1     0005d180  _AnalogSubsysRegs                                     
1     0005d200  _ClkCfgRegs                                           
1     0005d300  _CpuSysRegs                                           
1     0005e608  _RomPrefetchRegs                                      
1     0005f000  _DcsmZ1Regs                                           
1     0005f040  _DcsmZ2Regs                                           
1     0005f070  _DcsmCommonRegs                                       
1     0005f400  _MemCfgRegs                                           
1     0005f480  _Emif1ConfigRegs                                      
1     0005f4a0  _Emif2ConfigRegs                                      
1     0005f4c0  _AccessProtectionRegs                                 
1     0005f500  _MemoryErrorRegs                                      
1     0005f540  _RomWaitStateRegs                                     
1     0005f800  _Flash0CtrlRegs                                       
1     0005fb00  _Flash0EccRegs                                        
1     000703c0  _UidRegs                                              
abs   00000050  _MW_RamfuncsLoadSize                                  
abs   00000050  _MW_RamfuncsRunSize                                   
abs   00000400  __STACK_SIZE                                          
abs   00000798  _RamfuncsLoadSize                                     
abs   00000798  _RamfuncsRunSize                                      
abs   ffffffff  ___TI_pprof_out_hndl                                  
abs   ffffffff  ___TI_prof_data_size                                  
abs   ffffffff  ___TI_prof_data_start                                 
abs   ffffffff  ___binit__                                            
abs   ffffffff  ___c_args__                                           
abs   ffffffff  ___pinit__                                            
abs   ffffffff  binit                                                 
abs   ffffffff  pinit                                                 

[492 symbols]
