******************************************************************************
             TMS320C2000 Linker PC v22.6.0                     
******************************************************************************
>> Linked Tue Dec 10 10:17:09 2024

OUTPUT FILE NAME:   <../mcb_pmsm_foc_qep_f28379d.out>
ENTRY POINT SYMBOL: "_c_int00"  address: 00082c01


MEMORY CONFIGURATION

         name            origin    length      used     unused   attr    fill
----------------------  --------  ---------  --------  --------  ----  --------
PAGE 0:
  BEGIN                 00000000   00000002  00000000  00000002  RWIX
  RAMLS_PROG            00008000   00002000  00000a7f  00001581  RWIX
  BEGIN_FLASH           00080000   00000002  00000002  00000000  RWIX
  FLASHA_N              00080002   0003fffe  00004377  0003bc87  RWIX
  RESET                 003fffc0   00000002  00000000  00000002  RWIX

PAGE 1:
  BOOT_RSVD             00000002   00000120  00000000  00000120  RWIX
  RAMM0M1               00000122   000006de  00000400  000002de  RWIX
  ADCARESULT            00000b00   00000018  00000018  00000000  RWIX
  ADCBRESULT            00000b20   00000018  00000018  00000000  RWIX
  ADCCRESULT            00000b40   00000018  00000018  00000000  RWIX
  ADCDRESULT            00000b60   00000018  00000018  00000000  RWIX
  CPU_TIMER0            00000c00   00000008  00000008  00000000  RWIX
  CPU_TIMER1            00000c08   00000008  00000008  00000000  RWIX
  CPU_TIMER2            00000c10   00000008  00000008  00000000  RWIX
  PIE_CTRL              00000ce0   00000020  0000001a  00000006  RWIX
  PIE_VECT              00000d00   00000200  000001c0  00000040  RWIX
  DMA                   00001000   00000200  000000e0  00000120  RWIX
  CLA1                  00001400   00000040  0000003e  00000002  RWIX
  CLA1_MSGRAMLOW        00001480   00000080  00000000  00000080  RWIX
  CLA1_MSGRAMHIGH       00001500   00000080  00000000  00000080  RWIX
  CLB1LOGICCFG          00003000   00000052  0000003e  00000014  RWIX
  CLB1LOGICCTRL         00003100   00000040  00000040  00000000  RWIX
  CLB1DATAEXCH          00003200   00000200  00000108  000000f8  RWIX
  CLB2LOGICCFG          00003400   00000052  0000003e  00000014  RWIX
  CLB2LOGICCTRL         00003500   00000040  00000040  00000000  RWIX
  CLB2DATAEXCH          00003600   00000200  00000108  000000f8  RWIX
  CLB3LOGICCFG          00003800   00000052  0000003e  00000014  RWIX
  CLB3LOGICCTRL         00003900   00000040  00000040  00000000  RWIX
  CLB3DATAEXCH          00003a00   00000200  00000108  000000f8  RWIX
  CLB4LOGICCFG          00003c00   00000052  0000003e  00000014  RWIX
  CLB4LOGICCTRL         00003d00   00000040  00000040  00000000  RWIX
  CLB4DATAEXCH          00003e00   00000200  00000108  000000f8  RWIX
  EPWM1                 00004000   00000100  00000100  00000000  RWIX
  EPWM2                 00004100   00000100  00000100  00000000  RWIX
  EPWM3                 00004200   00000100  00000100  00000000  RWIX
  EPWM4                 00004300   00000100  00000100  00000000  RWIX
  EPWM5                 00004400   00000100  00000100  00000000  RWIX
  EPWM6                 00004500   00000100  00000100  00000000  RWIX
  EPWM7                 00004600   00000100  00000100  00000000  RWIX
  EPWM8                 00004700   00000100  00000100  00000000  RWIX
  EPWM9                 00004800   00000100  00000100  00000000  RWIX
  EPWM10                00004900   00000100  00000100  00000000  RWIX
  EPWM11                00004a00   00000100  00000100  00000000  RWIX
  EPWM12                00004b00   00000100  00000100  00000000  RWIX
  ECAP1                 00005000   00000020  0000001a  00000006  RWIX
  ECAP2                 00005020   00000020  0000001a  00000006  RWIX
  ECAP3                 00005040   00000020  0000001a  00000006  RWIX
  ECAP4                 00005060   00000020  0000001a  00000006  RWIX
  ECAP5                 00005080   00000020  0000001a  00000006  RWIX
  ECAP6                 000050a0   00000020  0000001a  00000006  RWIX
  EQEP1                 00005100   00000040  00000022  0000001e  RWIX
  EQEP2                 00005140   00000040  00000022  0000001e  RWIX
  EQEP3                 00005180   00000040  00000022  0000001e  RWIX
  DACA                  00005c00   00000010  00000007  00000009  RWIX
  DACB                  00005c10   00000010  00000007  00000009  RWIX
  DACC                  00005c20   00000010  00000007  00000009  RWIX
  CMPSS1                00005c80   00000020  0000001b  00000005  RWIX
  CMPSS2                00005ca0   00000020  0000001b  00000005  RWIX
  CMPSS3                00005cc0   00000020  0000001b  00000005  RWIX
  CMPSS4                00005ce0   00000020  0000001b  00000005  RWIX
  CMPSS5                00005d00   00000020  0000001b  00000005  RWIX
  CMPSS6                00005d20   00000020  0000001b  00000005  RWIX
  CMPSS7                00005d40   00000020  0000001b  00000005  RWIX
  CMPSS8                00005d60   00000020  0000001b  00000005  RWIX
  SDFM1                 00005e00   00000080  00000048  00000038  RWIX
  SDFM2                 00005e80   00000080  00000048  00000038  RWIX
  MCBSPA                00006000   00000040  00000024  0000001c  RWIX
  MCBSPB                00006040   00000040  00000024  0000001c  RWIX
  SPIA                  00006100   00000010  00000010  00000000  RWIX
  SPIB                  00006110   00000010  00000010  00000000  RWIX
  SPIC                  00006120   00000010  00000010  00000000  RWIX
  SPID                  00006130   00000010  00000000  00000010  RWIX
  UPP                   00006200   00000100  00000048  000000b8  RWIX
  WD                    00007000   00000040  0000002b  00000015  RWIX
  NMIINTRUPT            00007060   00000010  00000007  00000009  RWIX
  XINT                  00007070   00000010  0000000b  00000005  RWIX
  SCIA                  00007200   00000010  00000010  00000000  RWIX
  SCIB                  00007210   00000010  00000010  00000000  RWIX
  SCIC                  00007220   00000010  00000010  00000000  RWIX
  SCID                  00007230   00000010  00000010  00000000  RWIX
  I2CA                  00007300   00000040  00000022  0000001e  RWIX
  I2CB                  00007340   00000040  00000022  0000001e  RWIX
  ADCA                  00007400   00000080  0000007c  00000004  RWIX
  ADCB                  00007480   00000080  0000007c  00000004  RWIX
  ADCC                  00007500   00000080  0000007c  00000004  RWIX
  ADCD                  00007580   00000080  0000007c  00000004  RWIX
  INPUT_XBAR            00007900   00000020  00000020  00000000  RWIX
  XBAR                  00007920   00000020  0000000e  00000012  RWIX
  SYNC_SOC              00007940   00000010  00000006  0000000a  RWIX
  DMACLASRCSEL          00007980   00000040  0000001a  00000026  RWIX
  EPWM_XBAR             00007a00   00000040  00000040  00000000  RWIX
  CLB_XBAR              00007a40   00000040  00000040  00000000  RWIX
  OUTPUT_XBAR           00007a80   00000040  00000040  00000000  RWIX
  GPIOCTRL              00007c00   00000180  00000180  00000000  RWIX
  GPIODAT               00007f00   00000030  00000030  00000000  RWIX
  RAMLS_DATA            0000a000   00001000  00000000  00001000  RWIX
  RAMD0D1               0000b000   00001000  00000000  00001000  RWIX
  RAMGS_IPCBuffCPU1     0000c000   00001000  00000000  00001000  RWIX
  RAMGS_IPCBuffCPU2     0000d000   00001000  00000000  00001000  RWIX
  RAMGS_DATA            0000e000   00007000  000003b9  00006c47  RWIX
  CPU2TOCPU1RAM         0003f800   00000400  00000000  00000400  RWIX
  CPU1TOCPU2RAM         0003fc00   00000400  00000000  00000400  RWIX
  EMIF1                 00047000   00000800  00000028  000007d8  RWIX
  EMIF2                 00047800   00000800  00000028  000007d8  RWIX
  CANA                  00048000   00000200  00000164  0000009c  RWIX
  CANB                  0004a000   00000200  00000164  0000009c  RWIX
  IPC                   00050000   00000024  00000024  00000000  RWIX
  FLASHPUMPSEMAPHORE    00050024   00000002  00000002  00000000  RWIX
  DEV_CFG               0005d000   00000180  0000012e  00000052  RWIX
  ANALOG_SUBSYS         0005d180   00000080  0000003e  00000042  RWIX
  CLK_CFG               0005d200   00000100  00000032  000000ce  RWIX
  CPU_SYS               0005d300   00000100  00000082  0000007e  RWIX
  ROMPREFETCH           0005e608   00000002  00000002  00000000  RWIX
  DCSM_Z1               0005f000   00000030  00000022  0000000e  RWIX
  DCSM_Z2               0005f040   00000030  00000022  0000000e  RWIX
  DCSM_COMMON           0005f070   00000010  00000006  0000000a  RWIX
  MEMCFG                0005f400   00000080  00000076  0000000a  RWIX
  EMIF1CONFIG           0005f480   00000020  0000000a  00000016  RWIX
  EMIF2CONFIG           0005f4a0   00000020  0000000a  00000016  RWIX
  ACCESSPROTECTION      0005f4c0   00000040  0000002e  00000012  RWIX
  MEMORYERROR           0005f500   00000040  0000003a  00000006  RWIX
  ROMWAITSTATE          0005f540   00000002  00000002  00000000  RWIX
  FLASH0_CTRL           0005f800   00000300  00000182  0000017e  RWIX
  FLASH0_ECC            0005fb00   00000040  00000028  00000018  RWIX
  UID                   000703c0   00000010  00000010  00000000  RWIX
  DCSM_Z1_OTP           00078000   00000020  00000000  00000020  RWIX
  DCSM_Z2_OTP           00078200   00000020  00000000  00000020  RWIX


SECTION ALLOCATION MAP

 output                                  attributes/
section   page    origin      length       input sections
--------  ----  ----------  ----------   ----------------
codestart 
*          0    00080000    00000002     
                  00080000    00000002     F2837xD_CodeStartBranch.obj (codestart)

.text      0    00080004    00002ece     
                  00080004    000008cf     mcb_pmsm_foc_qep_f28379d.obj (.text)
                  000808d3    00000668     MW_c2000ISR.obj (.text)
                  00080f3b    00000585     F2837xD_DefaultISR.obj (.text:retain)
                  000814c0    000004aa     F2837xD_SysCtrl.obj (.text)
                  0008196a    000002da     F2837xD_Ipc_Driver_Lite.obj (.text)
                  00081c44    0000029b     c2837xDBoard_Realtime_Support.obj (.text)
                  00081edf    00000244     F2837xD_Gpio.obj (.text)
                  00082123    00000198     DSP28xx_SciUtil.obj (.text)
                  000822bb    00000135     mcb_pmsm_foc_qep_f28379d.obj (.text:retain)
                  000823f0    00000128     MW_c28xSPI.obj (.text)
                  00082518    000000f0     F2837xD_Adc.obj (.text)
                  00082608    000000f0     c2837xDBoard_Realtime_Support.obj (.text:retain)
                  000826f8    000000cc     MW_SPI.obj (.text)
                  000827c4    000000bd     MW_c28xx_board.obj (.text)
                  00082881    000000bc     MW_c28xx_adc.obj (.text)
                  0008293d    00000094     ert_main.obj (.text)
                  000829d1    00000092     rt_nonfinite.obj (.text)
                  00082a63    0000007c     F2837xD_CpuTimers.obj (.text)
                  00082adf    0000006f     c2837xDSchedulerTimer0.obj (.text)
                  00082b4e    0000005a     MW_c28xx_csl.obj (.text)
                  00082ba8    00000059     rts2800_fpu32.lib : s_floorf.c.obj (.text)
                  00082c01    00000056                       : boot28.asm.obj (.text)
                  00082c57    0000004e     MW_c28xx_qep.obj (.text)
                  00082ca5    0000004a     c2837xDSchedulerTimer0.obj (.text:retain)
                  00082cef    00000046     MW_c28xx_pwm.obj (.text)
                  00082d35    00000044     rtGetInf.obj (.text)
                  00082d79    00000031     MW_c28xGPIO.obj (.text)
                  00082daa    0000002a     rtGetNaN.obj (.text)
                  00082dd4    00000029     rts2800_fpu32.lib : exit.c.obj (.text)
                  00082dfd    00000028     F2837xD_PieCtrl.obj (.text)
                  00082e25    00000026     F2837xD_PieVect.obj (.text)
                  00082e4b    00000024     rts2800_fpu32.lib : cpy_tbl.c.obj (.text)
                  00082e6f    0000001d                       : memcpy.c.obj (.text)
                  00082e8c    00000012     MW_c28xGlobalInterrupts.obj (.text)
                  00082e9e    00000012     rts2800_fpu32.lib : args_main.c.obj (.text)
                  00082eb0    00000009                       : _lock.c.obj (.text)
                  00082eb9    00000008     F2837xD_CodeStartBranch.obj (.text)
                  00082ec1    00000007     memcpy_fast.obj (.text)
                  00082ec8    00000007     rts2800_fpu32.lib : memset.c.obj (.text)
                  00082ecf    00000002                       : pre_init.c.obj (.text)
                  00082ed1    00000001                       : startup.c.obj (.text)

.econst    0    00083914    0000099c     
                  00083914    000007d4     mcb_pmsm_foc_qep_f28379d_data.obj (.econst:_mcb_pmsm_foc_qep_f28379d_ConstP)
                  000840e8    000001c0     F2837xD_PieVect.obj (.econst:_PieVectTableInit)
                  000842a8    00000002     rtGetNaN.obj (.econst:_$P$T0$1)
                  000842aa    00000002     mcb_pmsm_foc_qep_f28379d_data.obj (.econst:_mcb_pmsm_foc_qep_f28379d_ConstB)
                  000842ac    00000002     mcb_pmsm_foc_qep_f28379d.obj (.econst)
                  000842ae    00000002     rts2800_fpu32.lib : s_floorf.c.obj (.econst)

.cinit     0    000842b0    0000004e     
                  000842b0    0000000f     c2837xDBoard_Realtime_Support.obj (.cinit)
                  000842bf    0000000e     rts2800_fpu32.lib : exit.c.obj (.cinit)
                  000842cd    00000008     mcb_pmsm_foc_qep_f28379d.obj (.cinit)
                  000842d5    00000007     MW_c28xSPI.obj (.cinit:_SPI_oneTimeInit)
                  000842dc    00000005     rts2800_fpu32.lib : _lock.c.obj (.cinit:__lock)
                  000842e1    00000005                       : _lock.c.obj (.cinit:__unlock)
                  000842e6    00000005     ert_main.obj (.cinit:_isRateRunning)
                  000842eb    00000005     ert_main.obj (.cinit:_need2runFlags)
                  000842f0    00000004     MW_c28xGPIO.obj (.cinit)
                  000842f4    00000004     MW_c28xGlobalInterrupts.obj (.cinit)
                  000842f8    00000004     ert_main.obj (.cinit)
                  000842fc    00000002     --HOLE-- [fill = 0]

.switch    0    00084300    00000040     
                  00084300    00000024     c2837xDBoard_Realtime_Support.obj (.switch:_CPU02toCPU01IPC0IntHandler)
                  00084324    0000001c     c2837xDBoard_Realtime_Support.obj (.switch:_setInXBARForCPU2)

AdcaResultRegsFile 
*          1    00000b00    00000018     UNINITIALIZED
                  00000b00    00000018     F2837xD_GlobalVariableDefs.obj (AdcaResultRegsFile)

AdcbResultRegsFile 
*          1    00000b20    00000018     UNINITIALIZED
                  00000b20    00000018     F2837xD_GlobalVariableDefs.obj (AdcbResultRegsFile)

AdccResultRegsFile 
*          1    00000b40    00000018     UNINITIALIZED
                  00000b40    00000018     F2837xD_GlobalVariableDefs.obj (AdccResultRegsFile)

AdcdResultRegsFile 
*          1    00000b60    00000018     UNINITIALIZED
                  00000b60    00000018     F2837xD_GlobalVariableDefs.obj (AdcdResultRegsFile)

CpuTimer0RegsFile 
*          1    00000c00    00000008     UNINITIALIZED
                  00000c00    00000008     F2837xD_GlobalVariableDefs.obj (CpuTimer0RegsFile)

CpuTimer1RegsFile 
*          1    00000c08    00000008     UNINITIALIZED
                  00000c08    00000008     F2837xD_GlobalVariableDefs.obj (CpuTimer1RegsFile)

CpuTimer2RegsFile 
*          1    00000c10    00000008     UNINITIALIZED
                  00000c10    00000008     F2837xD_GlobalVariableDefs.obj (CpuTimer2RegsFile)

PieCtrlRegsFile 
*          1    00000ce0    0000001a     UNINITIALIZED
                  00000ce0    0000001a     F2837xD_GlobalVariableDefs.obj (PieCtrlRegsFile)

PieVectTableFile 
*          1    00000d00    000001c0     UNINITIALIZED
                  00000d00    000001c0     F2837xD_GlobalVariableDefs.obj (PieVectTableFile)

EmuKeyVar 
*          1    00000d00    00000000     UNINITIALIZED

EmuBModeVar 
*          1    00000d00    00000000     UNINITIALIZED

FlashCallbackVar 
*          1    00000d00    00000000     UNINITIALIZED

FlashScalingVar 
*          1    00000d00    00000000     UNINITIALIZED

Cla1RegsFile 
*          1    00001400    0000003e     UNINITIALIZED
                  00001400    0000003e     F2837xD_GlobalVariableDefs.obj (Cla1RegsFile)

Clb1LogicCfgRegsFile 
*          1    00003000    0000003e     UNINITIALIZED
                  00003000    0000003e     F2837xD_GlobalVariableDefs.obj (Clb1LogicCfgRegsFile)

Clb1LogicCtrlRegsFile 
*          1    00003100    00000040     UNINITIALIZED
                  00003100    00000040     F2837xD_GlobalVariableDefs.obj (Clb1LogicCtrlRegsFile)

Clb2LogicCfgRegsFile 
*          1    00003400    0000003e     UNINITIALIZED
                  00003400    0000003e     F2837xD_GlobalVariableDefs.obj (Clb2LogicCfgRegsFile)

Clb2LogicCtrlRegsFile 
*          1    00003500    00000040     UNINITIALIZED
                  00003500    00000040     F2837xD_GlobalVariableDefs.obj (Clb2LogicCtrlRegsFile)

Clb3LogicCfgRegsFile 
*          1    00003800    0000003e     UNINITIALIZED
                  00003800    0000003e     F2837xD_GlobalVariableDefs.obj (Clb3LogicCfgRegsFile)

Clb3LogicCtrlRegsFile 
*          1    00003900    00000040     UNINITIALIZED
                  00003900    00000040     F2837xD_GlobalVariableDefs.obj (Clb3LogicCtrlRegsFile)

Clb4LogicCfgRegsFile 
*          1    00003c00    0000003e     UNINITIALIZED
                  00003c00    0000003e     F2837xD_GlobalVariableDefs.obj (Clb4LogicCfgRegsFile)

Clb4LogicCtrlRegsFile 
*          1    00003d00    00000040     UNINITIALIZED
                  00003d00    00000040     F2837xD_GlobalVariableDefs.obj (Clb4LogicCtrlRegsFile)

EPwm1RegsFile 
*          1    00004000    00000100     UNINITIALIZED
                  00004000    00000100     F2837xD_GlobalVariableDefs.obj (EPwm1RegsFile)

EPwm2RegsFile 
*          1    00004100    00000100     UNINITIALIZED
                  00004100    00000100     F2837xD_GlobalVariableDefs.obj (EPwm2RegsFile)

EPwm3RegsFile 
*          1    00004200    00000100     UNINITIALIZED
                  00004200    00000100     F2837xD_GlobalVariableDefs.obj (EPwm3RegsFile)

EPwm4RegsFile 
*          1    00004300    00000100     UNINITIALIZED
                  00004300    00000100     F2837xD_GlobalVariableDefs.obj (EPwm4RegsFile)

EPwm5RegsFile 
*          1    00004400    00000100     UNINITIALIZED
                  00004400    00000100     F2837xD_GlobalVariableDefs.obj (EPwm5RegsFile)

EPwm6RegsFile 
*          1    00004500    00000100     UNINITIALIZED
                  00004500    00000100     F2837xD_GlobalVariableDefs.obj (EPwm6RegsFile)

EPwm7RegsFile 
*          1    00004600    00000100     UNINITIALIZED
                  00004600    00000100     F2837xD_GlobalVariableDefs.obj (EPwm7RegsFile)

EPwm8RegsFile 
*          1    00004700    00000100     UNINITIALIZED
                  00004700    00000100     F2837xD_GlobalVariableDefs.obj (EPwm8RegsFile)

EPwm9RegsFile 
*          1    00004800    00000100     UNINITIALIZED
                  00004800    00000100     F2837xD_GlobalVariableDefs.obj (EPwm9RegsFile)

EPwm10RegsFile 
*          1    00004900    00000100     UNINITIALIZED
                  00004900    00000100     F2837xD_GlobalVariableDefs.obj (EPwm10RegsFile)

EPwm11RegsFile 
*          1    00004a00    00000100     UNINITIALIZED
                  00004a00    00000100     F2837xD_GlobalVariableDefs.obj (EPwm11RegsFile)

EPwm12RegsFile 
*          1    00004b00    00000100     UNINITIALIZED
                  00004b00    00000100     F2837xD_GlobalVariableDefs.obj (EPwm12RegsFile)

ECap1RegsFile 
*          1    00005000    0000001a     UNINITIALIZED
                  00005000    0000001a     F2837xD_GlobalVariableDefs.obj (ECap1RegsFile)

ECap2RegsFile 
*          1    00005020    0000001a     UNINITIALIZED
                  00005020    0000001a     F2837xD_GlobalVariableDefs.obj (ECap2RegsFile)

ECap3RegsFile 
*          1    00005040    0000001a     UNINITIALIZED
                  00005040    0000001a     F2837xD_GlobalVariableDefs.obj (ECap3RegsFile)

ECap4RegsFile 
*          1    00005060    0000001a     UNINITIALIZED
                  00005060    0000001a     F2837xD_GlobalVariableDefs.obj (ECap4RegsFile)

ECap5RegsFile 
*          1    00005080    0000001a     UNINITIALIZED
                  00005080    0000001a     F2837xD_GlobalVariableDefs.obj (ECap5RegsFile)

ECap6RegsFile 
*          1    000050a0    0000001a     UNINITIALIZED
                  000050a0    0000001a     F2837xD_GlobalVariableDefs.obj (ECap6RegsFile)

EQep1RegsFile 
*          1    00005100    00000022     UNINITIALIZED
                  00005100    00000022     F2837xD_GlobalVariableDefs.obj (EQep1RegsFile)

EQep2RegsFile 
*          1    00005140    00000022     UNINITIALIZED
                  00005140    00000022     F2837xD_GlobalVariableDefs.obj (EQep2RegsFile)

EQep3RegsFile 
*          1    00005180    00000022     UNINITIALIZED
                  00005180    00000022     F2837xD_GlobalVariableDefs.obj (EQep3RegsFile)

DacaRegsFile 
*          1    00005c00    00000007     UNINITIALIZED
                  00005c00    00000007     F2837xD_GlobalVariableDefs.obj (DacaRegsFile)

DacbRegsFile 
*          1    00005c10    00000007     UNINITIALIZED
                  00005c10    00000007     F2837xD_GlobalVariableDefs.obj (DacbRegsFile)

DaccRegsFile 
*          1    00005c20    00000007     UNINITIALIZED
                  00005c20    00000007     F2837xD_GlobalVariableDefs.obj (DaccRegsFile)

Cmpss1RegsFile 
*          1    00005c80    0000001b     UNINITIALIZED
                  00005c80    0000001b     F2837xD_GlobalVariableDefs.obj (Cmpss1RegsFile)

Cmpss2RegsFile 
*          1    00005ca0    0000001b     UNINITIALIZED
                  00005ca0    0000001b     F2837xD_GlobalVariableDefs.obj (Cmpss2RegsFile)

Cmpss3RegsFile 
*          1    00005cc0    0000001b     UNINITIALIZED
                  00005cc0    0000001b     F2837xD_GlobalVariableDefs.obj (Cmpss3RegsFile)

Cmpss4RegsFile 
*          1    00005ce0    0000001b     UNINITIALIZED
                  00005ce0    0000001b     F2837xD_GlobalVariableDefs.obj (Cmpss4RegsFile)

Cmpss5RegsFile 
*          1    00005d00    0000001b     UNINITIALIZED
                  00005d00    0000001b     F2837xD_GlobalVariableDefs.obj (Cmpss5RegsFile)

Cmpss6RegsFile 
*          1    00005d20    0000001b     UNINITIALIZED
                  00005d20    0000001b     F2837xD_GlobalVariableDefs.obj (Cmpss6RegsFile)

Cmpss7RegsFile 
*          1    00005d40    0000001b     UNINITIALIZED
                  00005d40    0000001b     F2837xD_GlobalVariableDefs.obj (Cmpss7RegsFile)

Cmpss8RegsFile 
*          1    00005d60    0000001b     UNINITIALIZED
                  00005d60    0000001b     F2837xD_GlobalVariableDefs.obj (Cmpss8RegsFile)

I2caRegsFile 
*          1    00007300    00000022     UNINITIALIZED
                  00007300    00000022     F2837xD_GlobalVariableDefs.obj (I2caRegsFile)

I2cbRegsFile 
*          1    00007340    00000022     UNINITIALIZED
                  00007340    00000022     F2837xD_GlobalVariableDefs.obj (I2cbRegsFile)

AdcaRegsFile 
*          1    00007400    0000007c     UNINITIALIZED
                  00007400    0000007c     F2837xD_GlobalVariableDefs.obj (AdcaRegsFile)

AdcbRegsFile 
*          1    00007480    0000007c     UNINITIALIZED
                  00007480    0000007c     F2837xD_GlobalVariableDefs.obj (AdcbRegsFile)

AdccRegsFile 
*          1    00007500    0000007c     UNINITIALIZED
                  00007500    0000007c     F2837xD_GlobalVariableDefs.obj (AdccRegsFile)

AdcdRegsFile 
*          1    00007580    0000007c     UNINITIALIZED
                  00007580    0000007c     F2837xD_GlobalVariableDefs.obj (AdcdRegsFile)

CanaRegsFile 
*          1    00048000    00000164     UNINITIALIZED
                  00048000    00000164     F2837xD_GlobalVariableDefs.obj (CanaRegsFile)

CanbRegsFile 
*          1    0004a000    00000164     UNINITIALIZED
                  0004a000    00000164     F2837xD_GlobalVariableDefs.obj (CanbRegsFile)

AnalogSubsysRegsFile 
*          1    0005d180    0000003e     UNINITIALIZED
                  0005d180    0000003e     F2837xD_GlobalVariableDefs.obj (AnalogSubsysRegsFile)

Cla1SoftIntRegsFile 
*          1    00000ce0    00000000     DSECT

Clb1DataExchRegsFile 
*          1    00003200    00000108     UNINITIALIZED
                  00003200    00000108     F2837xD_GlobalVariableDefs.obj (Clb1DataExchRegsFile)

Clb2DataExchRegsFile 
*          1    00003600    00000108     UNINITIALIZED
                  00003600    00000108     F2837xD_GlobalVariableDefs.obj (Clb2DataExchRegsFile)

Clb3DataExchRegsFile 
*          1    00003a00    00000108     UNINITIALIZED
                  00003a00    00000108     F2837xD_GlobalVariableDefs.obj (Clb3DataExchRegsFile)

Clb4DataExchRegsFile 
*          1    00003e00    00000108     UNINITIALIZED
                  00003e00    00000108     F2837xD_GlobalVariableDefs.obj (Clb4DataExchRegsFile)

Sdfm1RegsFile 
*          1    00005e00    00000048     UNINITIALIZED
                  00005e00    00000048     F2837xD_GlobalVariableDefs.obj (Sdfm1RegsFile)

Sdfm2RegsFile 
*          1    00005e80    00000048     UNINITIALIZED
                  00005e80    00000048     F2837xD_GlobalVariableDefs.obj (Sdfm2RegsFile)

McbspaRegsFile 
*          1    00006000    00000024     UNINITIALIZED
                  00006000    00000024     F2837xD_GlobalVariableDefs.obj (McbspaRegsFile)

McbspbRegsFile 
*          1    00006040    00000024     UNINITIALIZED
                  00006040    00000024     F2837xD_GlobalVariableDefs.obj (McbspbRegsFile)

SpiaRegsFile 
*          1    00006100    00000010     UNINITIALIZED
                  00006100    00000010     F2837xD_GlobalVariableDefs.obj (SpiaRegsFile)

SpibRegsFile 
*          1    00006110    00000010     UNINITIALIZED
                  00006110    00000010     F2837xD_GlobalVariableDefs.obj (SpibRegsFile)

SpicRegsFile 
*          1    00006120    00000010     UNINITIALIZED
                  00006120    00000010     F2837xD_GlobalVariableDefs.obj (SpicRegsFile)

UppRegsFile 
*          1    00006200    00000048     UNINITIALIZED
                  00006200    00000048     F2837xD_GlobalVariableDefs.obj (UppRegsFile)

WdRegsFile 
*          1    00007000    0000002b     UNINITIALIZED
                  00007000    0000002b     F2837xD_GlobalVariableDefs.obj (WdRegsFile)

NmiIntruptRegsFile 
*          1    00007060    00000007     UNINITIALIZED
                  00007060    00000007     F2837xD_GlobalVariableDefs.obj (NmiIntruptRegsFile)

XintRegsFile 
*          1    00007070    0000000b     UNINITIALIZED
                  00007070    0000000b     F2837xD_GlobalVariableDefs.obj (XintRegsFile)

SciaRegsFile 
*          1    00007200    00000010     UNINITIALIZED
                  00007200    00000010     F2837xD_GlobalVariableDefs.obj (SciaRegsFile)

ScibRegsFile 
*          1    00007210    00000010     UNINITIALIZED
                  00007210    00000010     F2837xD_GlobalVariableDefs.obj (ScibRegsFile)

ScicRegsFile 
*          1    00007220    00000010     UNINITIALIZED
                  00007220    00000010     F2837xD_GlobalVariableDefs.obj (ScicRegsFile)

ScidRegsFile 
*          1    00007230    00000010     UNINITIALIZED
                  00007230    00000010     F2837xD_GlobalVariableDefs.obj (ScidRegsFile)

InputXbarRegsFile 
*          1    00007900    00000020     UNINITIALIZED
                  00007900    00000020     F2837xD_GlobalVariableDefs.obj (InputXbarRegsFile)

XbarRegsFile 
*          1    00007920    0000000e     UNINITIALIZED
                  00007920    0000000e     F2837xD_GlobalVariableDefs.obj (XbarRegsFile)

SyncSocRegsFile 
*          1    00007940    00000006     UNINITIALIZED
                  00007940    00000006     F2837xD_GlobalVariableDefs.obj (SyncSocRegsFile)

EPwmXbarRegsFile 
*          1    00007a00    00000040     UNINITIALIZED
                  00007a00    00000040     F2837xD_GlobalVariableDefs.obj (EPwmXbarRegsFile)

ClbXbarRegsFile 
*          1    00007a40    00000040     UNINITIALIZED
                  00007a40    00000040     F2837xD_GlobalVariableDefs.obj (ClbXbarRegsFile)

OutputXbarRegsFile 
*          1    00007a80    00000040     UNINITIALIZED
                  00007a80    00000040     F2837xD_GlobalVariableDefs.obj (OutputXbarRegsFile)

GpioCtrlRegsFile 
*          1    00007c00    00000180     UNINITIALIZED
                  00007c00    00000180     F2837xD_GlobalVariableDefs.obj (GpioCtrlRegsFile)

GpioDataRegsFile 
*          1    00007f00    00000030     UNINITIALIZED
                  00007f00    00000030     F2837xD_GlobalVariableDefs.obj (GpioDataRegsFile)

IpcRegsFile 
*          1    00050000    00000024     UNINITIALIZED
                  00050000    00000024     F2837xD_GlobalVariableDefs.obj (IpcRegsFile)

FlashPumpSemaphoreRegsFile 
*          1    00050024    00000002     UNINITIALIZED
                  00050024    00000002     F2837xD_GlobalVariableDefs.obj (FlashPumpSemaphoreRegsFile)

RomPrefetchRegsFile 
*          1    0005e608    00000002     UNINITIALIZED
                  0005e608    00000002     F2837xD_GlobalVariableDefs.obj (RomPrefetchRegsFile)

DcsmZ1RegsFile 
*          1    0005f000    00000022     UNINITIALIZED
                  0005f000    00000022     F2837xD_GlobalVariableDefs.obj (DcsmZ1RegsFile)

DcsmZ2RegsFile 
*          1    0005f040    00000022     UNINITIALIZED
                  0005f040    00000022     F2837xD_GlobalVariableDefs.obj (DcsmZ2RegsFile)

DcsmCommonRegsFile 
*          1    0005f070    00000006     UNINITIALIZED
                  0005f070    00000006     F2837xD_GlobalVariableDefs.obj (DcsmCommonRegsFile)

DmaRegsFile 
*          1    00001000    000000e0     UNINITIALIZED
                  00001000    000000e0     F2837xD_GlobalVariableDefs.obj (DmaRegsFile)

DmaClaSrcSelRegsFile 
*          1    00007980    0000001a     UNINITIALIZED
                  00007980    0000001a     F2837xD_GlobalVariableDefs.obj (DmaClaSrcSelRegsFile)

Emif1RegsFile 
*          1    00047000    00000028     UNINITIALIZED
                  00047000    00000028     F2837xD_GlobalVariableDefs.obj (Emif1RegsFile)

Emif2RegsFile 
*          1    00047800    00000028     UNINITIALIZED
                  00047800    00000028     F2837xD_GlobalVariableDefs.obj (Emif2RegsFile)

MemCfgRegsFile 
*          1    0005f400    00000076     UNINITIALIZED
                  0005f400    00000076     F2837xD_GlobalVariableDefs.obj (MemCfgRegsFile)

Emif1ConfigRegsFile 
*          1    0005f480    0000000a     UNINITIALIZED
                  0005f480    0000000a     F2837xD_GlobalVariableDefs.obj (Emif1ConfigRegsFile)

Emif2ConfigRegsFile 
*          1    0005f4a0    0000000a     UNINITIALIZED
                  0005f4a0    0000000a     F2837xD_GlobalVariableDefs.obj (Emif2ConfigRegsFile)

AccessProtectionRegsFile 
*          1    0005f4c0    0000002e     UNINITIALIZED
                  0005f4c0    0000002e     F2837xD_GlobalVariableDefs.obj (AccessProtectionRegsFile)

MemoryErrorRegsFile 
*          1    0005f500    0000003a     UNINITIALIZED
                  0005f500    0000003a     F2837xD_GlobalVariableDefs.obj (MemoryErrorRegsFile)

RomWaitStateRegsFile 
*          1    0005f540    00000002     UNINITIALIZED
                  0005f540    00000002     F2837xD_GlobalVariableDefs.obj (RomWaitStateRegsFile)

Flash0CtrlRegsFile 
*          1    0005f800    00000182     UNINITIALIZED
                  0005f800    00000182     F2837xD_GlobalVariableDefs.obj (Flash0CtrlRegsFile)

Flash0EccRegsFile 
*          1    0005fb00    00000028     UNINITIALIZED
                  0005fb00    00000028     F2837xD_GlobalVariableDefs.obj (Flash0EccRegsFile)

DevCfgRegsFile 
*          1    0005d000    0000012e     UNINITIALIZED
                  0005d000    0000012e     F2837xD_GlobalVariableDefs.obj (DevCfgRegsFile)

ClkCfgRegsFile 
*          1    0005d200    00000032     UNINITIALIZED
                  0005d200    00000032     F2837xD_GlobalVariableDefs.obj (ClkCfgRegsFile)

CpuSysRegsFile 
*          1    0005d300    00000082     UNINITIALIZED
                  0005d300    00000082     F2837xD_GlobalVariableDefs.obj (CpuSysRegsFile)

UidRegsFile 
*          1    000703c0    00000010     UNINITIALIZED
                  000703c0    00000010     F2837xD_GlobalVariableDefs.obj (UidRegsFile)

.pinit     0    00080004    00000000     UNINITIALIZED

ramfuncs   0    00082ed4    00000a40     RUN ADDR = 00008000
                  00082ed4    00000a40     mcb_pmsm_foc_qep_f28379d.obj (ramfuncs)

.TI.ramfunc 
*          0    00084340    0000003f     RUN ADDR = 00008a40
                  00084340    00000037     F2837xD_SysCtrl.obj (.TI.ramfunc)
                  00084377    00000004     F2837xD_usDelay.obj (.TI.ramfunc)
                  0008437b    00000004     sysctl.obj (.TI.ramfunc)

.stack     1    00000122    00000400     UNINITIALIZED
                  00000122    00000400     --HOLE--

.reset     0    003fffc0    00000002     DSECT
                  003fffc0    00000002     rts2800_fpu32.lib : boot28.asm.obj (.reset)

GETBUFFER 
*          0    0003f800    00000000     DSECT

GETWRITEIDX 
*          0    0003f800    00000000     DSECT

PUTREADIDX 
*          0    0003f800    00000000     DSECT

WRITEFLAG1CPU2 
*          0    0003f800    00000000     DSECT

WRITEFLAG2CPU2 
*          0    0003f800    00000000     DSECT

READFLAG1CPU2 
*          0    0003f800    00000000     DSECT

READFLAG2CPU2 
*          0    0003f800    00000000     DSECT

.ebss      1    0000e000    000003b9     UNINITIALIZED
                  0000e000    0000035a     mcb_pmsm_foc_qep_f28379d.obj (.ebss)
                  0000e35a    00000018     F2837xD_CpuTimers.obj (.ebss)
                  0000e372    0000000c     rt_nonfinite.obj (.ebss)
                  0000e37e    00000002     rts2800_fpu32.lib : _lock.c.obj (.ebss:__lock)
                  0000e380    00000018     MW_c28xSPI.obj (.ebss:_mySpiObj)
                  0000e398    00000008     c2837xDBoard_Realtime_Support.obj (.ebss)
                  0000e3a0    00000006     rts2800_fpu32.lib : exit.c.obj (.ebss)
                  0000e3a6    00000004     DSP28xx_SciUtil.obj (.ebss)
                  0000e3aa    00000004     MW_c28xSPI.obj (.ebss:_SPI_oneTimeInit)
                  0000e3ae    00000003     ert_main.obj (.ebss)
                  0000e3b1    00000001     MW_c28xGPIO.obj (.ebss)
                  0000e3b2    00000002     rts2800_fpu32.lib : _lock.c.obj (.ebss:__unlock)
                  0000e3b4    00000002     ert_main.obj (.ebss:_isRateRunning)
                  0000e3b6    00000002     ert_main.obj (.ebss:_need2runFlags)
                  0000e3b8    00000001     MW_c28xGlobalInterrupts.obj (.ebss)

MODULE SUMMARY

       Module                              code    initialized data   uninitialized data
       ------                              ----    ----------------   ------------------
    <current directory>
       F2837xD_GlobalVariableDefs.obj      0       0                  9870              
       mcb_pmsm_foc_qep_f28379d.obj        7812    10                 858               
       mcb_pmsm_foc_qep_f28379d_data.obj   0       2006               0                 
       MW_c2000ISR.obj                     1640    0                  0                 
       F2837xD_DefaultISR.obj              1413    0                  0                 
       F2837xD_SysCtrl.obj                 1304    0                  0                 
       c2837xDBoard_Realtime_Support.obj   907     79                 8                 
       F2837xD_Ipc_Driver_Lite.obj         730     0                  0                 
       F2837xD_Gpio.obj                    580     0                  0                 
       F2837xD_PieVect.obj                 38      448                0                 
       DSP28xx_SciUtil.obj                 408     0                  4                 
       MW_c28xSPI.obj                      296     7                  28                
       F2837xD_Adc.obj                     240     0                  0                 
       MW_SPI.obj                          204     0                  0                 
       MW_c28xx_board.obj                  189     0                  0                 
       MW_c28xx_adc.obj                    188     0                  0                 
       c2837xDSchedulerTimer0.obj          185     0                  0                 
       ert_main.obj                        148     14                 7                 
       rt_nonfinite.obj                    146     0                  12                
       F2837xD_CpuTimers.obj               124     0                  24                
       MW_c28xx_csl.obj                    90      0                  0                 
       MW_c28xx_qep.obj                    78      0                  0                 
       MW_c28xx_pwm.obj                    70      0                  0                 
       rtGetInf.obj                        68      0                  0                 
       MW_c28xGPIO.obj                     49      4                  1                 
       rtGetNaN.obj                        42      2                  0                 
       F2837xD_PieCtrl.obj                 40      0                  0                 
       MW_c28xGlobalInterrupts.obj         18      4                  1                 
       F2837xD_CodeStartBranch.obj         10      0                  0                 
       F2837xD_usDelay.obj                 8       0                  0                 
       sysctl.obj                          8       0                  0                 
       memcpy_fast.obj                     7       0                  0                 
    +--+-----------------------------------+-------+------------------+--------------------+
       Total:                              17040   2574               10813             
                                                                                        
    C:/Users/awear/MY_INS~1/TI-CGT~3.LTS/lib/rts2800_fpu32.lib
       s_floorf.c.obj                      89      2                  0                 
       boot28.asm.obj                      86      0                  0                 
       exit.c.obj                          41      14                 6                 
       cpy_tbl.c.obj                       36      0                  0                 
       memcpy.c.obj                        29      0                  0                 
       _lock.c.obj                         9       10                 4                 
       args_main.c.obj                     18      0                  0                 
       memset.c.obj                        7       0                  0                 
       pre_init.c.obj                      2       0                  0                 
       startup.c.obj                       1       0                  0                 
    +--+-----------------------------------+-------+------------------+--------------------+
       Total:                              318     26                 10                
                                                                                        
       Stack:                              0       0                  1024              
    +--+-----------------------------------+-------+------------------+--------------------+
       Grand Total:                        17358   2600               11847             


GLOBAL DATA SYMBOLS: SORTED BY DATA PAGE

address     data page           name
--------    ----------------    ----
00000122       4 (00000100)     __stack

00000b00      2c (00000b00)     _AdcaResultRegs
00000b20      2c (00000b00)     _AdcbResultRegs

00000b40      2d (00000b40)     _AdccResultRegs
00000b60      2d (00000b40)     _AdcdResultRegs

00000c00      30 (00000c00)     _CpuTimer0Regs
00000c08      30 (00000c00)     _CpuTimer1Regs
00000c10      30 (00000c00)     _CpuTimer2Regs

00000ce0      33 (00000cc0)     _PieCtrlRegs

00000d00      34 (00000d00)     _PieVectTable

00001000      40 (00001000)     _DmaRegs

00001400      50 (00001400)     _Cla1Regs

00003000      c0 (00003000)     _Clb1LogicCfgRegs

00003100      c4 (00003100)     _Clb1LogicCtrlRegs

00003200      c8 (00003200)     _Clb1DataExchRegs

00003400      d0 (00003400)     _Clb2LogicCfgRegs

00003500      d4 (00003500)     _Clb2LogicCtrlRegs

00003600      d8 (00003600)     _Clb2DataExchRegs

00003800      e0 (00003800)     _Clb3LogicCfgRegs

00003900      e4 (00003900)     _Clb3LogicCtrlRegs

00003a00      e8 (00003a00)     _Clb3DataExchRegs

00003c00      f0 (00003c00)     _Clb4LogicCfgRegs

00003d00      f4 (00003d00)     _Clb4LogicCtrlRegs

00003e00      f8 (00003e00)     _Clb4DataExchRegs

00004000     100 (00004000)     _EPwm1Regs

00004100     104 (00004100)     _EPwm2Regs

00004200     108 (00004200)     _EPwm3Regs

00004300     10c (00004300)     _EPwm4Regs

00004400     110 (00004400)     _EPwm5Regs

00004500     114 (00004500)     _EPwm6Regs

00004600     118 (00004600)     _EPwm7Regs

00004700     11c (00004700)     _EPwm8Regs

00004800     120 (00004800)     _EPwm9Regs

00004900     124 (00004900)     _EPwm10Regs

00004a00     128 (00004a00)     _EPwm11Regs

00004b00     12c (00004b00)     _EPwm12Regs

00005000     140 (00005000)     _ECap1Regs
00005020     140 (00005000)     _ECap2Regs

00005040     141 (00005040)     _ECap3Regs
00005060     141 (00005040)     _ECap4Regs

00005080     142 (00005080)     _ECap5Regs
000050a0     142 (00005080)     _ECap6Regs

00005100     144 (00005100)     _EQep1Regs

00005140     145 (00005140)     _EQep2Regs

00005180     146 (00005180)     _EQep3Regs

00005c00     170 (00005c00)     _DacaRegs
00005c10     170 (00005c00)     _DacbRegs
00005c20     170 (00005c00)     _DaccRegs

00005c80     172 (00005c80)     _Cmpss1Regs
00005ca0     172 (00005c80)     _Cmpss2Regs

00005cc0     173 (00005cc0)     _Cmpss3Regs
00005ce0     173 (00005cc0)     _Cmpss4Regs

00005d00     174 (00005d00)     _Cmpss5Regs
00005d20     174 (00005d00)     _Cmpss6Regs

00005d40     175 (00005d40)     _Cmpss7Regs
00005d60     175 (00005d40)     _Cmpss8Regs

00005e00     178 (00005e00)     _Sdfm1Regs

00005e80     17a (00005e80)     _Sdfm2Regs

00006000     180 (00006000)     _McbspaRegs

00006040     181 (00006040)     _McbspbRegs

00006100     184 (00006100)     _SpiaRegs
00006110     184 (00006100)     _SpibRegs
00006120     184 (00006100)     _SpicRegs

00006200     188 (00006200)     _UppRegs

00007000     1c0 (00007000)     _WdRegs

00007060     1c1 (00007040)     _NmiIntruptRegs
00007070     1c1 (00007040)     _XintRegs

00007200     1c8 (00007200)     _SciaRegs
00007210     1c8 (00007200)     _ScibRegs
00007220     1c8 (00007200)     _ScicRegs
00007230     1c8 (00007200)     _ScidRegs

00007300     1cc (00007300)     _I2caRegs

00007340     1cd (00007340)     _I2cbRegs

00007400     1d0 (00007400)     _AdcaRegs

00007480     1d2 (00007480)     _AdcbRegs

00007500     1d4 (00007500)     _AdccRegs

00007580     1d6 (00007580)     _AdcdRegs

00007900     1e4 (00007900)     _InputXbarRegs
00007920     1e4 (00007900)     _XbarRegs

00007940     1e5 (00007940)     _SyncSocRegs

00007980     1e6 (00007980)     _DmaClaSrcSelRegs

00007a00     1e8 (00007a00)     _EPwmXbarRegs

00007a40     1e9 (00007a40)     _ClbXbarRegs

00007a80     1ea (00007a80)     _OutputXbarRegs

00007c00     1f0 (00007c00)     _GpioCtrlRegs

00007f00     1fc (00007f00)     _GpioDataRegs

0000e000     380 (0000e000)     _MW_adcCInitFlag
0000e001     380 (0000e000)     _MW_adcBInitFlag

0000e040     381 (0000e040)     _mcb_pmsm_foc_qep_f28379d_DW

0000e100     384 (0000e100)     _mcb_pmsm_foc_qep_f28379d_B

0000e35a     38d (0000e340)     _CpuTimer0
0000e362     38d (0000e340)     _CpuTimer1
0000e36a     38d (0000e340)     _CpuTimer2
0000e372     38d (0000e340)     _rtInf
0000e374     38d (0000e340)     _rtMinusInf
0000e376     38d (0000e340)     _rtNaN
0000e378     38d (0000e340)     _rtInfF
0000e37a     38d (0000e340)     _rtMinusInfF
0000e37c     38d (0000e340)     _rtNaNF
0000e37e     38d (0000e340)     __lock

0000e380     38e (0000e380)     _mySpiObj
0000e398     38e (0000e380)     _ErrorFlag
0000e39a     38e (0000e380)     _CIPC0_INT_fptr
0000e39c     38e (0000e380)     _mwInitStart
0000e39e     38e (0000e380)     _mwInitEnd
0000e3a0     38e (0000e380)     ___TI_enable_exit_profile_output
0000e3a2     38e (0000e380)     ___TI_cleanup_ptr
0000e3a4     38e (0000e380)     ___TI_dtors_ptr
0000e3a6     38e (0000e380)     _checkSCITransmitInProgressA
0000e3a7     38e (0000e380)     _frameA1Transmitted
0000e3a8     38e (0000e380)     _frameA1Count
0000e3aa     38e (0000e380)     _SPI_oneTimeInit
0000e3ae     38e (0000e380)     _IsrOverrun
0000e3af     38e (0000e380)     _stopRequested
0000e3b0     38e (0000e380)     _runModel
0000e3b1     38e (0000e380)     _GPIO_oneTimeInit
0000e3b2     38e (0000e380)     __unlock
0000e3b4     38e (0000e380)     _isRateRunning
0000e3b6     38e (0000e380)     _need2runFlags
0000e3b8     38e (0000e380)     _MW_InterruptDisableLock

00047000    11c0 (00047000)     _Emif1Regs

00047800    11e0 (00047800)     _Emif2Regs

00048000    1200 (00048000)     _CanaRegs

0004a000    1280 (0004a000)     _CanbRegs

00050000    1400 (00050000)     _IpcRegs
00050024    1400 (00050000)     _FlashPumpSemaphoreRegs

0005d000    1740 (0005d000)     _DevCfgRegs

0005d180    1746 (0005d180)     _AnalogSubsysRegs

0005d200    1748 (0005d200)     _ClkCfgRegs

0005d300    174c (0005d300)     _CpuSysRegs

0005e608    1798 (0005e600)     _RomPrefetchRegs

0005f000    17c0 (0005f000)     _DcsmZ1Regs

0005f040    17c1 (0005f040)     _DcsmZ2Regs
0005f070    17c1 (0005f040)     _DcsmCommonRegs

0005f400    17d0 (0005f400)     _MemCfgRegs

0005f480    17d2 (0005f480)     _Emif1ConfigRegs
0005f4a0    17d2 (0005f480)     _Emif2ConfigRegs

0005f4c0    17d3 (0005f4c0)     _AccessProtectionRegs

0005f500    17d4 (0005f500)     _MemoryErrorRegs

0005f540    17d5 (0005f540)     _RomWaitStateRegs

0005f800    17e0 (0005f800)     _Flash0CtrlRegs

0005fb00    17ec (0005fb00)     _Flash0EccRegs

000703c0    1c0f (000703c0)     _UidRegs

00083914    20e4 (00083900)     _mcb_pmsm_foc_qep_f28379d_ConstP

000840e8    2103 (000840c0)     _PieVectTableInit

000842aa    210a (00084280)     _mcb_pmsm_foc_qep_f28379d_ConstB
000842ac    210a (00084280)     _mcb_pmsm_foc_qep_f28379d_M


GLOBAL SYMBOLS: SORTED ALPHABETICALLY BY Name 

page  address   name                                              
----  -------   ----                                              
0     00080004  .text                                             
0     00082dd4  C$$EXIT                                           
0     00080ff9  _ADCA1_ISR                                        
0     00081279  _ADCA2_ISR                                        
0     00081283  _ADCA3_ISR                                        
0     0008128d  _ADCA4_ISR                                        
0     0008126f  _ADCA_EVT_ISR                                     
0     000822bb  _ADCB1_INT                                        
0     00081003  _ADCB1_ISR                                        
0     000812a1  _ADCB2_ISR                                        
0     000812ab  _ADCB3_ISR                                        
0     000812b5  _ADCB4_ISR                                        
0     00081297  _ADCB_EVT_ISR                                     
0     0008100d  _ADCC1_ISR                                        
0     00081409  _ADCC2_ISR                                        
0     00081413  _ADCC3_ISR                                        
0     0008141d  _ADCC4_ISR                                        
0     000813ff  _ADCC_EVT_ISR                                     
0     0008102b  _ADCD1_ISR                                        
0     00081431  _ADCD2_ISR                                        
0     0008143b  _ADCD3_ISR                                        
0     00081445  _ADCD4_ISR                                        
0     00081427  _ADCD_EVT_ISR                                     
0     00081481  _AUX_PLL_SLIP_ISR                                 
1     0005f4c0  _AccessProtectionRegs                             
0     00082518  _AdcSetMode                                       
1     00007400  _AdcaRegs                                         
1     00000b00  _AdcaResultRegs                                   
1     00007480  _AdcbRegs                                         
1     00000b20  _AdcbResultRegs                                   
1     00007500  _AdccRegs                                         
1     00000b40  _AdccResultRegs                                   
1     00007580  _AdcdRegs                                         
1     00000b60  _AdcdResultRegs                                   
1     0005d180  _AnalogSubsysRegs                                 
0     000818f9  _AuxAuxClkSel                                     
0     000818e3  _AuxIntOsc2Sel                                    
0     000818ed  _AuxXtalOscSel                                    
0     00081247  _CANA0_ISR                                        
0     00081251  _CANA1_ISR                                        
0     0008125b  _CANB0_ISR                                        
0     00081265  _CANB1_ISR                                        
1     0000e39a  _CIPC0_INT_fptr                                   
0     000812bf  _CLA1_1_ISR                                       
0     000812c9  _CLA1_2_ISR                                       
0     000812d3  _CLA1_3_ISR                                       
0     000812dd  _CLA1_4_ISR                                       
0     000812e7  _CLA1_5_ISR                                       
0     000812f1  _CLA1_6_ISR                                       
0     000812fb  _CLA1_7_ISR                                       
0     00081305  _CLA1_8_ISR                                       
0     0008148b  _CLA_OVERFLOW_ISR                                 
0     00081495  _CLA_UNDERFLOW_ISR                                
0     00082608  _CPU02toCPU01IPC0IntHandler                       
0     000825ce  _CalAdcINL                                        
1     00048000  _CanaRegs                                         
1     0004a000  _CanbRegs                                         
1     00001400  _Cla1Regs                                         
1     00003200  _Clb1DataExchRegs                                 
1     00003000  _Clb1LogicCfgRegs                                 
1     00003100  _Clb1LogicCtrlRegs                                
1     00003600  _Clb2DataExchRegs                                 
1     00003400  _Clb2LogicCfgRegs                                 
1     00003500  _Clb2LogicCtrlRegs                                
1     00003a00  _Clb3DataExchRegs                                 
1     00003800  _Clb3LogicCfgRegs                                 
1     00003900  _Clb3LogicCtrlRegs                                
1     00003e00  _Clb4DataExchRegs                                 
1     00003c00  _Clb4LogicCfgRegs                                 
1     00003d00  _Clb4LogicCtrlRegs                                
1     00007a40  _ClbXbarRegs                                      
1     0005d200  _ClkCfgRegs                                       
1     00005c80  _Cmpss1Regs                                       
1     00005ca0  _Cmpss2Regs                                       
1     00005cc0  _Cmpss3Regs                                       
1     00005ce0  _Cmpss4Regs                                       
1     00005d00  _Cmpss5Regs                                       
1     00005d20  _Cmpss6Regs                                       
1     00005d40  _Cmpss7Regs                                       
1     00005d60  _Cmpss8Regs                                       
0     00082aa4  _ConfigCpuTimer                                   
0     0008194d  _ConfigureTMXAnalogTrim                           
1     0005d300  _CpuSysRegs                                       
1     0000e35a  _CpuTimer0                                        
1     00000c00  _CpuTimer0Regs                                    
1     0000e362  _CpuTimer1                                        
1     00000c08  _CpuTimer1Regs                                    
1     0000e36a  _CpuTimer2                                        
1     00000c10  _CpuTimer2Regs                                    
0     0008188e  _CsmUnlock                                        
0     00080f4f  _DATALOG_ISR                                      
0     00081193  _DMA_CH1_ISR                                      
0     0008119d  _DMA_CH2_ISR                                      
0     000811a7  _DMA_CH3_ISR                                      
0     000811b1  _DMA_CH4_ISR                                      
0     000811bb  _DMA_CH5_ISR                                      
0     000811c5  _DMA_CH6_ISR                                      
1     00005c00  _DacaRegs                                         
1     00005c10  _DacbRegs                                         
1     00005c20  _DaccRegs                                         
1     0005f070  _DcsmCommonRegs                                   
1     0005f000  _DcsmZ1Regs                                       
1     0005f040  _DcsmZ2Regs                                       
0     00081c3d  _DelayLoop                                        
1     0005d000  _DevCfgRegs                                       
0     000815a3  _DisableDog                                       
0     00081564  _DisablePeripheralClocks                          
1     00007980  _DmaClaSrcSelRegs                                 
1     00001000  _DmaRegs                                          
0     000810e9  _ECAP1_ISR                                        
0     000810f3  _ECAP2_ISR                                        
0     000810fd  _ECAP3_ISR                                        
0     00081107  _ECAP4_ISR                                        
0     00081111  _ECAP5_ISR                                        
0     0008111b  _ECAP6_ISR                                        
1     00005000  _ECap1Regs                                        
1     00005020  _ECap2Regs                                        
1     00005040  _ECap3Regs                                        
1     00005060  _ECap4Regs                                        
1     00005080  _ECap5Regs                                        
1     000050a0  _ECap6Regs                                        
0     0008144f  _EMIF_ERROR_ISR                                   
0     000814a9  _EMPTY_ISR                                        
0     00080f63  _EMU_ISR                                          
0     000813a5  _EPWM10_ISR                                       
0     0008137d  _EPWM10_TZ_ISR                                    
0     000813af  _EPWM11_ISR                                       
0     00081387  _EPWM11_TZ_ISR                                    
0     000813b9  _EPWM12_ISR                                       
0     00081391  _EPWM12_TZ_ISR                                    
0     00081099  _EPWM1_ISR                                        
0     00081049  _EPWM1_TZ_ISR                                     
0     000810a3  _EPWM2_ISR                                        
0     00081053  _EPWM2_TZ_ISR                                     
0     000810ad  _EPWM3_ISR                                        
0     0008105d  _EPWM3_TZ_ISR                                     
0     000810b7  _EPWM4_ISR                                        
0     00081067  _EPWM4_TZ_ISR                                     
0     000810c1  _EPWM5_ISR                                        
0     00081071  _EPWM5_TZ_ISR                                     
0     000810cb  _EPWM6_ISR                                        
0     0008107b  _EPWM6_TZ_ISR                                     
0     000810d5  _EPWM7_ISR                                        
0     00081085  _EPWM7_TZ_ISR                                     
0     000810df  _EPWM8_ISR                                        
0     0008108f  _EPWM8_TZ_ISR                                     
0     0008139b  _EPWM9_ISR                                        
0     00081373  _EPWM9_TZ_ISR                                     
1     00004900  _EPwm10Regs                                       
1     00004a00  _EPwm11Regs                                       
1     00004b00  _EPwm12Regs                                       
1     00004000  _EPwm1Regs                                        
1     00004100  _EPwm2Regs                                        
1     00004200  _EPwm3Regs                                        
1     00004300  _EPwm4Regs                                        
1     00004400  _EPwm5Regs                                        
1     00004500  _EPwm6Regs                                        
1     00004600  _EPwm7Regs                                        
1     00004700  _EPwm8Regs                                        
1     00004800  _EPwm9Regs                                        
1     00007a00  _EPwmXbarRegs                                     
0     00081125  _EQEP1_ISR                                        
0     0008112f  _EQEP2_ISR                                        
0     00081139  _EQEP3_ISR                                        
1     00005100  _EQep1Regs                                        
1     00005140  _EQep2Regs                                        
1     00005180  _EQep3Regs                                        
1     0005f480  _Emif1ConfigRegs                                  
1     00047000  _Emif1Regs                                        
1     0005f4a0  _Emif2ConfigRegs                                  
1     00047800  _Emif2Regs                                        
0     00082e1c  _EnableInterrupts                                 
1     0000e398  _ErrorFlag                                        
0     00008a77  _F28x_usDelay                                     
0     00081463  _FLASH_CORRECTABLE_ERROR_ISR                      
0     00081337  _FPU_OVERFLOW_ISR                                 
0     00081341  _FPU_UNDERFLOW_ISR                                
1     0005f800  _Flash0CtrlRegs                                   
1     0005fb00  _Flash0EccRegs                                    
0     00008a69  _FlashOff                                         
1     00050024  _FlashPumpSemaphoreRegs                           
0     000820d8  _GPIO_EnableUnbondedIOPullups                     
0     000820b3  _GPIO_EnableUnbondedIOPullupsFor100Pin            
0     0008209a  _GPIO_EnableUnbondedIOPullupsFor176Pin            
0     000820ee  _GPIO_ReadPin                                     
0     0008203f  _GPIO_SetupLock                                   
0     00081f1f  _GPIO_SetupPinMux                                 
0     00081fab  _GPIO_SetupPinOptions                             
0     00082068  _GPIO_SetupXINT1Gpio                              
0     00082072  _GPIO_SetupXINT2Gpio                              
0     0008207c  _GPIO_SetupXINT3Gpio                              
0     00082086  _GPIO_SetupXINT4Gpio                              
0     00082090  _GPIO_SetupXINT5Gpio                              
0     00082d84  _GPIO_TogglePin                                   
0     00082105  _GPIO_WritePin                                    
1     0000e3b1  _GPIO_oneTimeInit                                 
1     00007c00  _GpioCtrlRegs                                     
1     00007f00  _GpioDataRegs                                     
0     00081917  _HALT                                             
0     00081930  _HIB                                              
0     00080f1e  _HWI_TIC28x_AcknowledgeIrq                        
0     000808d3  _HWI_TIC28x_ConfigureIRQ                          
0     00080b25  _HWI_TIC28x_DisableIRQ                            
0     000808ec  _HWI_TIC28x_EnableIRQ                             
0     00080d75  _HWI_TIC28x_EnablePendingIRQ                      
0     000811d9  _I2CA_FIFO_ISR                                    
0     000811cf  _I2CA_ISR                                         
0     000811ed  _I2CB_FIFO_ISR                                    
0     000811e3  _I2CB_ISR                                         
1     00007300  _I2caRegs                                         
1     00007340  _I2cbRegs                                         
0     00081903  _IDLE                                             
0     00080f77  _ILLEGAL_ISR                                      
0     0008134b  _IPC0_ISR                                         
0     00081355  _IPC1_ISR                                         
0     0008135f  _IPC2_ISR                                         
0     00081369  _IPC3_ISR                                         
0     000819fc  _IPCLiteLtoRClearBits                             
0     00081a26  _IPCLiteLtoRClearBits_Protected                   
0     00081985  _IPCLiteLtoRDataRead                              
0     00081a50  _IPCLiteLtoRDataWrite                             
0     00081a75  _IPCLiteLtoRDataWrite_Protected                   
0     00081a9a  _IPCLiteLtoRFunctionCall                          
0     0008196a  _IPCLiteLtoRGetResult                             
0     000819a8  _IPCLiteLtoRSetBits                               
0     000819d2  _IPCLiteLtoRSetBits_Protected                     
0     00081ab6  _IPCLiteReqMemAccess                              
0     00081b60  _IPCLiteRtoLClearBits                             
0     00081b90  _IPCLiteRtoLClearBits_Protected                   
0     00081ada  _IPCLiteRtoLDataRead                              
0     00081bc3  _IPCLiteRtoLDataWrite                             
0     00081bf0  _IPCLiteRtoLDataWrite_Protected                   
0     00081c20  _IPCLiteRtoLFunctionCall                          
0     00081b01  _IPCLiteRtoLSetBits                               
0     00081b2f  _IPCLiteRtoLSetBits_Protected                     
0     00082903  _InitAdcB                                         
0     00082920  _InitAdcC                                         
0     0008179f  _InitAuxPll                                       
0     00082a63  _InitCpuTimers                                    
0     00008a40  _InitFlash                                        
0     00081edf  _InitGpio                                         
0     000814e0  _InitPeripheralClocks                             
0     00082dfd  _InitPieCtrl                                      
0     00082e25  _InitPieVectTable                                 
0     000814c0  _InitSysCtrl                                      
0     000815b1  _InitSysPll                                       
1     00007900  _InputXbarRegs                                    
1     00050000  _IpcRegs                                          
1     0000e3ae  _IsrOverrun                                       
0     0008116b  _MCBSPA_RX_ISR                                    
0     00081175  _MCBSPA_TX_ISR                                    
0     0008117f  _MCBSPB_RX_ISR                                    
0     00081189  _MCBSPB_TX_ISR                                    
1     0000e3b8  _MW_InterruptDisableLock                          
0     0008437f  _MW_RamfuncsLoadEnd                               
abs   0000003f  _MW_RamfuncsLoadSize                              
0     00084340  _MW_RamfuncsLoadStart                             
0     00008a7f  _MW_RamfuncsRunEnd                                
abs   0000003f  _MW_RamfuncsRunSize                               
0     00008a40  _MW_RamfuncsRunStart                              
0     000827bf  _MW_SPI_Close                                     
0     000827ba  _MW_SPI_GetStatus                                 
0     0008276a  _MW_SPI_MasterWriteRead_8bits                     
0     000826f8  _MW_SPI_Open                                      
0     0008275d  _MW_SPI_SetBusSpeed                               
0     0008270e  _MW_SPI_SetFormat                                 
0     00082763  _MW_SPI_SetSlaveSelect                            
0     000827b3  _MW_SPI_SlaveWriteRead_8bits                      
1     0000e001  _MW_adcBInitFlag                                  
1     0000e000  _MW_adcCInitFlag                                  
1     00006000  _McbspaRegs                                       
1     00006040  _McbspbRegs                                       
1     0005f400  _MemCfgRegs                                       
1     0005f500  _MemoryErrorRegs                                  
0     00080f6d  _NMI_ISR                                          
0     000814b6  _NOTUSED_ISR                                      
1     00007060  _NmiIntruptRegs                                   
0     00082d79  _OneTimeGpioInit                                  
1     00007a80  _OutputXbarRegs                                   
0     0008149f  _PIE_RESERVED_ISR                                 
1     00000ce0  _PieCtrlRegs                                      
1     00000d00  _PieVectTable                                     
0     000840e8  _PieVectTableInit                                 
0     0008146d  _RAM_ACCESS_VIOLATION_ISR                         
0     00081459  _RAM_CORRECTABLE_ERROR_ISR                        
0     00080f59  _RTOS_ISR                                         
0     00083914  _RamfuncsLoadEnd                                  
abs   00000a40  _RamfuncsLoadSize                                 
0     00082ed4  _RamfuncsLoadStart                                
0     00008a40  _RamfuncsRunEnd                                   
abs   00000a40  _RamfuncsRunSize                                  
0     00008000  _RamfuncsRunStart                                 
0     0008158b  _ReleaseFlashPump                                 
1     0005e608  _RomPrefetchRegs                                  
1     0005f540  _RomWaitStateRegs                                 
0     00082346  _SCIA_RX_INT                                      
0     0008121f  _SCIA_RX_ISR                                      
0     00081229  _SCIA_TX_ISR                                      
0     00081233  _SCIB_RX_ISR                                      
0     0008123d  _SCIB_TX_ISR                                      
0     000811f7  _SCIC_RX_ISR                                      
0     00081201  _SCIC_TX_ISR                                      
0     0008120b  _SCID_RX_ISR                                      
0     00081215  _SCID_TX_ISR                                      
0     000813c3  _SD1_ISR                                          
0     000813cd  _SD2_ISR                                          
0     00081143  _SPIA_RX_ISR                                      
0     0008114d  _SPIA_TX_ISR                                      
0     00081157  _SPIB_RX_ISR                                      
0     00081161  _SPIB_TX_ISR                                      
0     000813d7  _SPIC_RX_ISR                                      
0     000813e1  _SPIC_TX_ISR                                      
0     000824b3  _SPI_clockFormat                                  
0     000823f0  _SPI_init                                         
1     0000e3aa  _SPI_oneTimeInit                                  
0     000824ce  _SPI_status                                       
0     0008190c  _STANDBY                                          
0     00081477  _SYS_PLL_SLIP_ISR                                 
1     00007200  _SciaRegs                                         
1     00007210  _ScibRegs                                         
1     00007220  _ScicRegs                                         
1     00007230  _ScidRegs                                         
1     00005e00  _Sdfm1Regs                                        
1     00005e80  _Sdfm2Regs                                        
0     0008157c  _SeizeFlashPump                                   
0     00081595  _ServiceDog                                       
0     00082d9c  _Set_GPIOPin                                      
1     00006100  _SpiaRegs                                         
1     00006110  _SpibRegs                                         
1     00006120  _SpicRegs                                         
1     00007940  _SyncSocRegs                                      
0     00008a7b  _SysCtl_delay                                     
0     000818af  _SysIntOsc1Sel                                    
0     000818bf  _SysIntOsc2Sel                                    
0     000818d3  _SysXtalOscSel                                    
0     00081035  _TIMER0_ISR                                       
0     00080f3b  _TIMER1_ISR                                       
0     00080f45  _TIMER2_ISR                                       
0     00082ca5  _TINT0_isr                                        
0     000813eb  _UPPA_ISR                                         
0     000813f5  _USBA_ISR                                         
0     00080fdb  _USER10_ISR                                       
0     00080fe5  _USER11_ISR                                       
0     00080fef  _USER12_ISR                                       
0     00080f81  _USER1_ISR                                        
0     00080f8b  _USER2_ISR                                        
0     00080f95  _USER3_ISR                                        
0     00080f9f  _USER4_ISR                                        
0     00080fa9  _USER5_ISR                                        
0     00080fb3  _USER6_ISR                                        
0     00080fbd  _USER7_ISR                                        
0     00080fc7  _USER8_ISR                                        
0     00080fd1  _USER9_ISR                                        
1     000703c0  _UidRegs                                          
1     00006200  _UppRegs                                          
0     0008132d  _VCU_ISR                                          
0     0008103f  _WAKE_ISR                                         
1     00007000  _WdRegs                                           
0     00081017  _XINT1_ISR                                        
0     00081021  _XINT2_ISR                                        
0     0008130f  _XINT3_ISR                                        
0     00081319  _XINT4_ISR                                        
0     00081323  _XINT5_ISR                                        
1     00007920  _XbarRegs                                         
1     00007070  _XintRegs                                         
1     00000522  __STACK_END                                       
abs   00000400  __STACK_SIZE                                      
1     0000e3a2  ___TI_cleanup_ptr                                 
1     0000e3a4  ___TI_dtors_ptr                                   
1     0000e3a0  ___TI_enable_exit_profile_output                  
abs   ffffffff  ___TI_pprof_out_hndl                              
abs   ffffffff  ___TI_prof_data_size                              
abs   ffffffff  ___TI_prof_data_start                             
abs   ffffffff  ___binit__                                        
abs   ffffffff  ___c_args__                                       
0     000842b0  ___cinit__                                        
0     00082ed2  ___etext__                                        
abs   ffffffff  ___pinit__                                        
0     00080004  ___text__                                         
0     00082e9e  __args_main                                       
1     0000e37e  __lock                                            
0     00082eb8  __nop                                             
0     00082eb4  __register_lock                                   
0     00082eb0  __register_unlock                                 
1     00000122  __stack                                           
0     00082ed1  __system_post_cinit                               
0     00082ecf  __system_pre_init                                 
1     0000e3b2  __unlock                                          
0     00082dd4  _abort                                            
0     00081c44  _c2000_flash_init                                 
0     00082c01  _c_int00                                          
1     0000e3a6  _checkSCITransmitInProgressA                      
0     000828bd  _config_ADCB_SOC0                                 
0     0008289f  _config_ADCB_SOC2                                 
0     000828e3  _config_ADCC_SOC0                                 
0     00082881  _config_ADCC_SOC2                                 
0     00082c57  _config_QEP_eQEP1                                 
0     00082d27  _config_ePWMSyncSource                            
0     00082cef  _config_ePWM_GPIO                                 
0     00082d1f  _config_ePWM_TBSync                               
0     00082adf  _configureTimer0                                  
0     00082e4b  _copy_in                                          
0     00082b2b  _disableTimer0Interrupt                           
0     00082b4e  _disableWatchdog                                  
0     00082b21  _enableTimer0Interrupt                            
0     00082dd6  _exit                                             
0     00082ba8  _floor                                            
0     00082ba8  _floorf                                           
1     0000e3a8  _frameA1Count                                     
1     0000e3a7  _frameA1Transmitted                               
0     00082e96  _globalInterruptDisable                           
0     00082e8c  _globalInterruptEnable                            
0     00081c5d  _initSetGPIOIPC                                   
0     00082b59  _init_SCI                                         
0     000822b3  _init_SCIFrame                                    
0     00082b94  _init_SCI_GPIO                                    
0     000827c4  _init_board                                       
1     0000e3b4  _isRateRunning                                    
0     00082982  _main                                             
0     00008000  _mcb__CurrentControl_Disable                      
0     000802e8  _mcb__SPIMasterTransfer_Init                      
0     00080336  _mcb__SPIMasterTransfer_Term                      
0     000802e4  _mcb_pm_CurrentControl_Reset                      
0     000800cb  _mcb_pms_CurrentControl_Init                      
0     000800af  _mcb_pmsm_IfActionSubsystem1                      
0     00080091  _mcb_pmsm__IfActionSubsystem                      
0     00080311  _mcb_pmsm__SPIMasterTransfer                      
0     00080352  _mcb_pmsm__SpeedControl_Init                      
0     0000800e  _mcb_pmsm_foc_CurrentControl                      
0     00080362  _mcb_pmsm_foc_q_SpeedControl                      
0     00080027  _mcb_pmsm_foc_q_TwoinputsCRL                      
1     0000e100  _mcb_pmsm_foc_qep_f28379d_B                       
0     000842aa  _mcb_pmsm_foc_qep_f28379d_ConstB                  
0     00083914  _mcb_pmsm_foc_qep_f28379d_ConstP                  
1     0000e040  _mcb_pmsm_foc_qep_f28379d_DW                      
0     000842ac  _mcb_pmsm_foc_qep_f28379d_M                       
0     0008000d  _mcb_pmsm_foc_qep_f28379d_SetEventsForThisBaseStep
0     000808b9  _mcb_pmsm_foc_qep_f28379d_configure_interrupts    
0     00080598  _mcb_pmsm_foc_qep_f28379d_initialize              
0     00080533  _mcb_pmsm_foc_qep_f28379d_step0                   
0     00080593  _mcb_pmsm_foc_qep_f28379d_step1                   
0     000808b0  _mcb_pmsm_foc_qep_f28379d_terminate               
0     000808cc  _mcb_pmsm_foc_qep_f28379d_unconfigure_interrupts  
0     00082e6f  _memcpy                                           
0     00082ec1  _memcpy_fast                                      
0     00082ec8  _memset                                           
1     0000e39e  _mwInitEnd                                        
1     0000e39c  _mwInitStart                                      
1     0000e380  _mySpiObj                                         
1     0000e3b6  _need2runFlags                                    
0     00082b43  _restoreTimer0Interrupt                           
0     00082d35  _rtGetInf                                         
0     00082d4e  _rtGetInfF                                        
0     00082d57  _rtGetMinusInf                                    
0     00082d70  _rtGetMinusInfF                                   
0     00082daa  _rtGetNaN                                         
0     00082dc3  _rtGetNaNF                                        
1     0000e372  _rtInf                                            
1     0000e378  _rtInfF                                           
0     000829f9  _rtIsInf                                          
0     00082a11  _rtIsInfF                                         
0     00082a29  _rtIsNaN                                          
0     00082a4c  _rtIsNaNF                                         
1     0000e374  _rtMinusInf                                       
1     0000e37a  _rtMinusInfF                                      
1     0000e376  _rtNaN                                            
1     0000e37c  _rtNaNF                                           
0     000829d1  _rt_InitInfAndNaN                                 
0     0008293d  _rt_OneStep                                       
1     0000e3b0  _runModel                                         
0     0008216a  _scia_rcv                                         
0     000821ea  _scia_rcv_varsize                                 
0     00082123  _scia_xmit                                        
0     00081e6d  _setCLBXBARForCPU2                                
0     00081e15  _setEpwmXBARForCPU2                               
0     00081cec  _setGPIOForCPU2                                   
0     00081d3f  _setInXBARForCPU2                                 
0     00081da8  _setOutXBARForCPU2                                
0     00081ec0  _setSyncSocRegsForCPU2                            
1     0000e3af  _stopRequested                                    
0     00082b1c  _stopTimer0                                       
abs   ffffffff  binit                                             
0     000842b0  cinit                                             
0     00080000  code_start                                        
0     00082ed2  etext                                             
abs   ffffffff  pinit                                             


GLOBAL SYMBOLS: SORTED BY Symbol Address 

[...]
0     000818d3  _SysXtalOscSel                                    
0     000818e3  _AuxIntOsc2Sel                                    
0     000818ed  _AuxXtalOscSel                                    
0     000818f9  _AuxAuxClkSel                                     
0     00081903  _IDLE                                             
0     0008190c  _STANDBY                                          
0     00081917  _HALT                                             
0     00081930  _HIB                                              
0     0008194d  _ConfigureTMXAnalogTrim                           
0     0008196a  _IPCLiteLtoRGetResult                             
0     00081985  _IPCLiteLtoRDataRead                              
0     000819a8  _IPCLiteLtoRSetBits                               
0     000819d2  _IPCLiteLtoRSetBits_Protected                     
0     000819fc  _IPCLiteLtoRClearBits                             
0     00081a26  _IPCLiteLtoRClearBits_Protected                   
0     00081a50  _IPCLiteLtoRDataWrite                             
0     00081a75  _IPCLiteLtoRDataWrite_Protected                   
0     00081a9a  _IPCLiteLtoRFunctionCall                          
0     00081ab6  _IPCLiteReqMemAccess                              
0     00081ada  _IPCLiteRtoLDataRead                              
0     00081b01  _IPCLiteRtoLSetBits                               
0     00081b2f  _IPCLiteRtoLSetBits_Protected                     
0     00081b60  _IPCLiteRtoLClearBits                             
0     00081b90  _IPCLiteRtoLClearBits_Protected                   
0     00081bc3  _IPCLiteRtoLDataWrite                             
0     00081bf0  _IPCLiteRtoLDataWrite_Protected                   
0     00081c20  _IPCLiteRtoLFunctionCall                          
0     00081c3d  _DelayLoop                                        
0     00081c44  _c2000_flash_init                                 
0     00081c5d  _initSetGPIOIPC                                   
0     00081cec  _setGPIOForCPU2                                   
0     00081d3f  _setInXBARForCPU2                                 
0     00081da8  _setOutXBARForCPU2                                
0     00081e15  _setEpwmXBARForCPU2                               
0     00081e6d  _setCLBXBARForCPU2                                
0     00081ec0  _setSyncSocRegsForCPU2                            
0     00081edf  _InitGpio                                         
0     00081f1f  _GPIO_SetupPinMux                                 
0     00081fab  _GPIO_SetupPinOptions                             
0     0008203f  _GPIO_SetupLock                                   
0     00082068  _GPIO_SetupXINT1Gpio                              
0     00082072  _GPIO_SetupXINT2Gpio                              
0     0008207c  _GPIO_SetupXINT3Gpio                              
0     00082086  _GPIO_SetupXINT4Gpio                              
0     00082090  _GPIO_SetupXINT5Gpio                              
0     0008209a  _GPIO_EnableUnbondedIOPullupsFor176Pin            
0     000820b3  _GPIO_EnableUnbondedIOPullupsFor100Pin            
0     000820d8  _GPIO_EnableUnbondedIOPullups                     
0     000820ee  _GPIO_ReadPin                                     
0     00082105  _GPIO_WritePin                                    
0     00082123  _scia_xmit                                        
0     0008216a  _scia_rcv                                         
0     000821ea  _scia_rcv_varsize                                 
0     000822b3  _init_SCIFrame                                    
0     000822bb  _ADCB1_INT                                        
0     00082346  _SCIA_RX_INT                                      
0     000823f0  _SPI_init                                         
0     000824b3  _SPI_clockFormat                                  
0     000824ce  _SPI_status                                       
0     00082518  _AdcSetMode                                       
0     000825ce  _CalAdcINL                                        
0     00082608  _CPU02toCPU01IPC0IntHandler                       
0     000826f8  _MW_SPI_Open                                      
0     0008270e  _MW_SPI_SetFormat                                 
0     0008275d  _MW_SPI_SetBusSpeed                               
0     00082763  _MW_SPI_SetSlaveSelect                            
0     0008276a  _MW_SPI_MasterWriteRead_8bits                     
0     000827b3  _MW_SPI_SlaveWriteRead_8bits                      
0     000827ba  _MW_SPI_GetStatus                                 
0     000827bf  _MW_SPI_Close                                     
0     000827c4  _init_board                                       
0     00082881  _config_ADCC_SOC2                                 
0     0008289f  _config_ADCB_SOC2                                 
0     000828bd  _config_ADCB_SOC0                                 
0     000828e3  _config_ADCC_SOC0                                 
0     00082903  _InitAdcB                                         
0     00082920  _InitAdcC                                         
0     0008293d  _rt_OneStep                                       
0     00082982  _main                                             
0     000829d1  _rt_InitInfAndNaN                                 
0     000829f9  _rtIsInf                                          
0     00082a11  _rtIsInfF                                         
0     00082a29  _rtIsNaN                                          
0     00082a4c  _rtIsNaNF                                         
0     00082a63  _InitCpuTimers                                    
0     00082aa4  _ConfigCpuTimer                                   
0     00082adf  _configureTimer0                                  
0     00082b1c  _stopTimer0                                       
0     00082b21  _enableTimer0Interrupt                            
0     00082b2b  _disableTimer0Interrupt                           
0     00082b43  _restoreTimer0Interrupt                           
0     00082b4e  _disableWatchdog                                  
0     00082b59  _init_SCI                                         
0     00082b94  _init_SCI_GPIO                                    
0     00082ba8  _floor                                            
0     00082ba8  _floorf                                           
0     00082c01  _c_int00                                          
0     00082c57  _config_QEP_eQEP1                                 
0     00082ca5  _TINT0_isr                                        
0     00082cef  _config_ePWM_GPIO                                 
0     00082d1f  _config_ePWM_TBSync                               
0     00082d27  _config_ePWMSyncSource                            
0     00082d35  _rtGetInf                                         
0     00082d4e  _rtGetInfF                                        
0     00082d57  _rtGetMinusInf                                    
0     00082d70  _rtGetMinusInfF                                   
0     00082d79  _OneTimeGpioInit                                  
0     00082d84  _GPIO_TogglePin                                   
0     00082d9c  _Set_GPIOPin                                      
0     00082daa  _rtGetNaN                                         
0     00082dc3  _rtGetNaNF                                        
0     00082dd4  C$$EXIT                                           
0     00082dd4  _abort                                            
0     00082dd6  _exit                                             
0     00082dfd  _InitPieCtrl                                      
0     00082e1c  _EnableInterrupts                                 
0     00082e25  _InitPieVectTable                                 
0     00082e4b  _copy_in                                          
0     00082e6f  _memcpy                                           
0     00082e8c  _globalInterruptEnable                            
0     00082e96  _globalInterruptDisable                           
0     00082e9e  __args_main                                       
0     00082eb0  __register_unlock                                 
0     00082eb4  __register_lock                                   
0     00082eb8  __nop                                             
0     00082ec1  _memcpy_fast                                      
0     00082ec8  _memset                                           
0     00082ecf  __system_pre_init                                 
0     00082ed1  __system_post_cinit                               
0     00082ed2  ___etext__                                        
0     00082ed2  etext                                             
0     00082ed4  _RamfuncsLoadStart                                
0     00083914  _RamfuncsLoadEnd                                  
0     00083914  _mcb_pmsm_foc_qep_f28379d_ConstP                  
0     000840e8  _PieVectTableInit                                 
0     000842aa  _mcb_pmsm_foc_qep_f28379d_ConstB                  
0     000842ac  _mcb_pmsm_foc_qep_f28379d_M                       
0     000842b0  ___cinit__                                        
0     000842b0  cinit                                             
0     00084340  _MW_RamfuncsLoadStart                             
0     0008437f  _MW_RamfuncsLoadEnd                               
1     00000122  __stack                                           
1     00000522  __STACK_END                                       
1     00000b00  _AdcaResultRegs                                   
1     00000b20  _AdcbResultRegs                                   
1     00000b40  _AdccResultRegs                                   
1     00000b60  _AdcdResultRegs                                   
1     00000c00  _CpuTimer0Regs                                    
1     00000c08  _CpuTimer1Regs                                    
1     00000c10  _CpuTimer2Regs                                    
1     00000ce0  _PieCtrlRegs                                      
1     00000d00  _PieVectTable                                     
1     00001000  _DmaRegs                                          
1     00001400  _Cla1Regs                                         
1     00003000  _Clb1LogicCfgRegs                                 
1     00003100  _Clb1LogicCtrlRegs                                
1     00003200  _Clb1DataExchRegs                                 
1     00003400  _Clb2LogicCfgRegs                                 
1     00003500  _Clb2LogicCtrlRegs                                
1     00003600  _Clb2DataExchRegs                                 
1     00003800  _Clb3LogicCfgRegs                                 
1     00003900  _Clb3LogicCtrlRegs                                
1     00003a00  _Clb3DataExchRegs                                 
1     00003c00  _Clb4LogicCfgRegs                                 
1     00003d00  _Clb4LogicCtrlRegs                                
1     00003e00  _Clb4DataExchRegs                                 
1     00004000  _EPwm1Regs                                        
1     00004100  _EPwm2Regs                                        
1     00004200  _EPwm3Regs                                        
1     00004300  _EPwm4Regs                                        
1     00004400  _EPwm5Regs                                        
1     00004500  _EPwm6Regs                                        
1     00004600  _EPwm7Regs                                        
1     00004700  _EPwm8Regs                                        
1     00004800  _EPwm9Regs                                        
1     00004900  _EPwm10Regs                                       
1     00004a00  _EPwm11Regs                                       
1     00004b00  _EPwm12Regs                                       
1     00005000  _ECap1Regs                                        
1     00005020  _ECap2Regs                                        
1     00005040  _ECap3Regs                                        
1     00005060  _ECap4Regs                                        
1     00005080  _ECap5Regs                                        
1     000050a0  _ECap6Regs                                        
1     00005100  _EQep1Regs                                        
1     00005140  _EQep2Regs                                        
1     00005180  _EQep3Regs                                        
1     00005c00  _DacaRegs                                         
1     00005c10  _DacbRegs                                         
1     00005c20  _DaccRegs                                         
1     00005c80  _Cmpss1Regs                                       
1     00005ca0  _Cmpss2Regs                                       
1     00005cc0  _Cmpss3Regs                                       
1     00005ce0  _Cmpss4Regs                                       
1     00005d00  _Cmpss5Regs                                       
1     00005d20  _Cmpss6Regs                                       
1     00005d40  _Cmpss7Regs                                       
1     00005d60  _Cmpss8Regs                                       
1     00005e00  _Sdfm1Regs                                        
1     00005e80  _Sdfm2Regs                                        
1     00006000  _McbspaRegs                                       
1     00006040  _McbspbRegs                                       
1     00006100  _SpiaRegs                                         
1     00006110  _SpibRegs                                         
1     00006120  _SpicRegs                                         
1     00006200  _UppRegs                                          
1     00007000  _WdRegs                                           
1     00007060  _NmiIntruptRegs                                   
1     00007070  _XintRegs                                         
1     00007200  _SciaRegs                                         
1     00007210  _ScibRegs                                         
1     00007220  _ScicRegs                                         
1     00007230  _ScidRegs                                         
1     00007300  _I2caRegs                                         
1     00007340  _I2cbRegs                                         
1     00007400  _AdcaRegs                                         
1     00007480  _AdcbRegs                                         
1     00007500  _AdccRegs                                         
1     00007580  _AdcdRegs                                         
1     00007900  _InputXbarRegs                                    
1     00007920  _XbarRegs                                         
1     00007940  _SyncSocRegs                                      
1     00007980  _DmaClaSrcSelRegs                                 
1     00007a00  _EPwmXbarRegs                                     
1     00007a40  _ClbXbarRegs                                      
1     00007a80  _OutputXbarRegs                                   
1     00007c00  _GpioCtrlRegs                                     
1     00007f00  _GpioDataRegs                                     
1     0000e000  _MW_adcCInitFlag                                  
1     0000e001  _MW_adcBInitFlag                                  
1     0000e040  _mcb_pmsm_foc_qep_f28379d_DW                      
1     0000e100  _mcb_pmsm_foc_qep_f28379d_B                       
1     0000e35a  _CpuTimer0                                        
1     0000e362  _CpuTimer1                                        
1     0000e36a  _CpuTimer2                                        
1     0000e372  _rtInf                                            
1     0000e374  _rtMinusInf                                       
1     0000e376  _rtNaN                                            
1     0000e378  _rtInfF                                           
1     0000e37a  _rtMinusInfF                                      
1     0000e37c  _rtNaNF                                           
1     0000e37e  __lock                                            
1     0000e380  _mySpiObj                                         
1     0000e398  _ErrorFlag                                        
1     0000e39a  _CIPC0_INT_fptr                                   
1     0000e39c  _mwInitStart                                      
1     0000e39e  _mwInitEnd                                        
1     0000e3a0  ___TI_enable_exit_profile_output                  
1     0000e3a2  ___TI_cleanup_ptr                                 
1     0000e3a4  ___TI_dtors_ptr                                   
1     0000e3a6  _checkSCITransmitInProgressA                      
1     0000e3a7  _frameA1Transmitted                               
1     0000e3a8  _frameA1Count                                     
1     0000e3aa  _SPI_oneTimeInit                                  
1     0000e3ae  _IsrOverrun                                       
1     0000e3af  _stopRequested                                    
1     0000e3b0  _runModel                                         
1     0000e3b1  _GPIO_oneTimeInit                                 
1     0000e3b2  __unlock                                          
1     0000e3b4  _isRateRunning                                    
1     0000e3b6  _need2runFlags                                    
1     0000e3b8  _MW_InterruptDisableLock                          
1     00047000  _Emif1Regs                                        
1     00047800  _Emif2Regs                                        
1     00048000  _CanaRegs                                         
1     0004a000  _CanbRegs                                         
1     00050000  _IpcRegs                                          
1     00050024  _FlashPumpSemaphoreRegs                           
1     0005d000  _DevCfgRegs                                       
1     0005d180  _AnalogSubsysRegs                                 
1     0005d200  _ClkCfgRegs                                       
1     0005d300  _CpuSysRegs                                       
1     0005e608  _RomPrefetchRegs                                  
1     0005f000  _DcsmZ1Regs                                       
1     0005f040  _DcsmZ2Regs                                       
1     0005f070  _DcsmCommonRegs                                   
1     0005f400  _MemCfgRegs                                       
1     0005f480  _Emif1ConfigRegs                                  
1     0005f4a0  _Emif2ConfigRegs                                  
1     0005f4c0  _AccessProtectionRegs                             
1     0005f500  _MemoryErrorRegs                                  
1     0005f540  _RomWaitStateRegs                                 
1     0005f800  _Flash0CtrlRegs                                   
1     0005fb00  _Flash0EccRegs                                    
1     000703c0  _UidRegs                                          
abs   0000003f  _MW_RamfuncsLoadSize                              
abs   0000003f  _MW_RamfuncsRunSize                               
abs   00000400  __STACK_SIZE                                      
abs   00000a40  _RamfuncsLoadSize                                 
abs   00000a40  _RamfuncsRunSize                                  
abs   ffffffff  ___TI_pprof_out_hndl                              
abs   ffffffff  ___TI_prof_data_size                              
abs   ffffffff  ___TI_prof_data_start                             
abs   ffffffff  ___binit__                                        
abs   ffffffff  ___c_args__                                       
abs   ffffffff  ___pinit__                                        
abs   ffffffff  binit                                             
abs   ffffffff  pinit                                             

[486 symbols]
